Component: ARM Compiler 5.06 update 6 (build 750) Tool: armlink [4d35ed]

==============================================================================

Section Cross References

    lcd_log.o(i.LCD_LOG_ClearTextZone) refers to stm32746g_discovery_lcd.o(i.BSP_LCD_ClearStringLine) for BSP_LCD_ClearStringLine
    lcd_log.o(i.LCD_LOG_ClearTextZone) refers to lcd_log.o(i.LCD_LOG_DeInit) for LCD_LOG_DeInit
    lcd_log.o(i.LCD_LOG_DeInit) refers to lcd_log.o(.data) for LCD_LineColor
    lcd_log.o(i.LCD_LOG_Init) refers to lcd_log.o(i.LCD_LOG_DeInit) for LCD_LOG_DeInit
    lcd_log.o(i.LCD_LOG_Init) refers to stm32746g_discovery_lcd.o(i.BSP_LCD_Clear) for BSP_LCD_Clear
    lcd_log.o(i.LCD_LOG_ScrollBack) refers to lcd_log.o(i.LCD_LOG_UpdateDisplay) for LCD_LOG_UpdateDisplay
    lcd_log.o(i.LCD_LOG_ScrollBack) refers to lcd_log.o(.data) for LCD_ScrollActive
    lcd_log.o(i.LCD_LOG_ScrollForward) refers to lcd_log.o(i.LCD_LOG_UpdateDisplay) for LCD_LOG_UpdateDisplay
    lcd_log.o(i.LCD_LOG_ScrollForward) refers to lcd_log.o(.data) for LCD_ScrollBackStep
    lcd_log.o(i.LCD_LOG_SetFooter) refers to stm32746g_discovery_lcd.o(i.BSP_LCD_SetFont) for BSP_LCD_SetFont
    lcd_log.o(i.LCD_LOG_SetFooter) refers to stm32746g_discovery_lcd.o(i.BSP_LCD_SetTextColor) for BSP_LCD_SetTextColor
    lcd_log.o(i.LCD_LOG_SetFooter) refers to stm32746g_discovery_lcd.o(i.BSP_LCD_GetXSize) for BSP_LCD_GetXSize
    lcd_log.o(i.LCD_LOG_SetFooter) refers to stm32746g_discovery_lcd.o(i.BSP_LCD_GetYSize) for BSP_LCD_GetYSize
    lcd_log.o(i.LCD_LOG_SetFooter) refers to stm32746g_discovery_lcd.o(i.BSP_LCD_FillRect) for BSP_LCD_FillRect
    lcd_log.o(i.LCD_LOG_SetFooter) refers to stm32746g_discovery_lcd.o(i.BSP_LCD_SetBackColor) for BSP_LCD_SetBackColor
    lcd_log.o(i.LCD_LOG_SetFooter) refers to stm32746g_discovery_lcd.o(i.BSP_LCD_DisplayStringAt) for BSP_LCD_DisplayStringAt
    lcd_log.o(i.LCD_LOG_SetFooter) refers to stm32746g_discovery_lcd.o(.data) for Font12
    lcd_log.o(i.LCD_LOG_SetHeader) refers to stm32746g_discovery_lcd.o(i.BSP_LCD_SetFont) for BSP_LCD_SetFont
    lcd_log.o(i.LCD_LOG_SetHeader) refers to stm32746g_discovery_lcd.o(i.BSP_LCD_SetTextColor) for BSP_LCD_SetTextColor
    lcd_log.o(i.LCD_LOG_SetHeader) refers to stm32746g_discovery_lcd.o(i.BSP_LCD_GetXSize) for BSP_LCD_GetXSize
    lcd_log.o(i.LCD_LOG_SetHeader) refers to stm32746g_discovery_lcd.o(i.BSP_LCD_FillRect) for BSP_LCD_FillRect
    lcd_log.o(i.LCD_LOG_SetHeader) refers to stm32746g_discovery_lcd.o(i.BSP_LCD_SetBackColor) for BSP_LCD_SetBackColor
    lcd_log.o(i.LCD_LOG_SetHeader) refers to stm32746g_discovery_lcd.o(i.BSP_LCD_DisplayStringAt) for BSP_LCD_DisplayStringAt
    lcd_log.o(i.LCD_LOG_SetHeader) refers to stm32746g_discovery_lcd.o(.data) for Font16
    lcd_log.o(i.LCD_LOG_UpdateDisplay) refers to stm32746g_discovery_lcd.o(i.BSP_LCD_SetTextColor) for BSP_LCD_SetTextColor
    lcd_log.o(i.LCD_LOG_UpdateDisplay) refers to stm32746g_discovery_lcd.o(i.BSP_LCD_DisplayStringAtLine) for BSP_LCD_DisplayStringAtLine
    lcd_log.o(i.LCD_LOG_UpdateDisplay) refers to lcd_log.o(.data) for LCD_CacheBuffer_yptr_bottom
    lcd_log.o(i.LCD_LOG_UpdateDisplay) refers to lcd_log.o(.bss) for LCD_CacheBuffer
    lcd_log.o(i.fputc) refers to stm32746g_discovery_lcd.o(i.BSP_LCD_GetFont) for BSP_LCD_GetFont
    lcd_log.o(i.fputc) refers to stm32746g_discovery_lcd.o(i.BSP_LCD_GetXSize) for BSP_LCD_GetXSize
    lcd_log.o(i.fputc) refers to lcd_log.o(i.LCD_LOG_UpdateDisplay) for LCD_LOG_UpdateDisplay
    lcd_log.o(i.fputc) refers to lcd_log.o(.data) for LCD_Lock
    lcd_log.o(i.fputc) refers to lcd_log.o(.bss) for LCD_CacheBuffer
    err.o(i.err_to_errno) refers to err.o(.constdata) for err_to_errno_table
    netbuf.o(i.netbuf_alloc) refers to printf3.o(i.__0printf$3) for __2printf
    netbuf.o(i.netbuf_alloc) refers to pbuf.o(i.pbuf_free) for pbuf_free
    netbuf.o(i.netbuf_alloc) refers to pbuf.o(i.pbuf_alloc) for pbuf_alloc
    netbuf.o(i.netbuf_chain) refers to printf3.o(i.__0printf$3) for __2printf
    netbuf.o(i.netbuf_chain) refers to pbuf.o(i.pbuf_cat) for pbuf_cat
    netbuf.o(i.netbuf_chain) refers to memp.o(i.memp_free) for memp_free
    netbuf.o(i.netbuf_data) refers to printf3.o(i.__0printf$3) for __2printf
    netbuf.o(i.netbuf_delete) refers to pbuf.o(i.pbuf_free) for pbuf_free
    netbuf.o(i.netbuf_delete) refers to memp.o(i.memp_free) for memp_free
    netbuf.o(i.netbuf_first) refers to printf3.o(i.__0printf$3) for __2printf
    netbuf.o(i.netbuf_free) refers to printf3.o(i.__0printf$3) for __2printf
    netbuf.o(i.netbuf_free) refers to pbuf.o(i.pbuf_free) for pbuf_free
    netbuf.o(i.netbuf_new) refers to memp.o(i.memp_malloc) for memp_malloc
    netbuf.o(i.netbuf_next) refers to printf3.o(i.__0printf$3) for __2printf
    netbuf.o(i.netbuf_ref) refers to printf3.o(i.__0printf$3) for __2printf
    netbuf.o(i.netbuf_ref) refers to pbuf.o(i.pbuf_free) for pbuf_free
[...]
    pbuf_header_force                        0x0800d5ed   Thumb Code    18  pbuf.o(i.pbuf_header_force)
    pbuf_realloc                             0x0800d641   Thumb Code   198  pbuf.o(i.pbuf_realloc)
    pbuf_ref                                 0x0800d7bd   Thumb Code    60  pbuf.o(i.pbuf_ref)
    pbuf_remove_header                       0x0800d875   Thumb Code   112  pbuf.o(i.pbuf_remove_header)
    pvPortMalloc                             0x0800e3c5   Thumb Code   308  heap_4.o(i.pvPortMalloc)
    pvTaskIncrementMutexHeldCount            0x0800e50d   Thumb Code    26  tasks.o(i.pvTaskIncrementMutexHeldCount)
    pxPortInitialiseStack                    0x0800e52d   Thumb Code    38  port.o(i.pxPortInitialiseStack)
    sys_arch_mbox_fetch                      0x0800e939   Thumb Code    94  sys_arch.o(i.sys_arch_mbox_fetch)
    sys_arch_mbox_tryfetch                   0x0800e997   Thumb Code    48  sys_arch.o(i.sys_arch_mbox_tryfetch)
    sys_arch_protect                         0x0800e9c9   Thumb Code    18  sys_arch.o(i.sys_arch_protect)
    sys_arch_sem_wait                        0x0800e9e1   Thumb Code    62  sys_arch.o(i.sys_arch_sem_wait)
    sys_arch_unprotect                       0x0800ea21   Thumb Code    14  sys_arch.o(i.sys_arch_unprotect)
    sys_check_timeouts                       0x0800ea35   Thumb Code    74  timeouts.o(i.sys_check_timeouts)
    sys_init                                 0x0800ea89   Thumb Code    14  sys_arch.o(i.sys_init)
    sys_mbox_free                            0x0800eaa1   Thumb Code    18  sys_arch.o(i.sys_mbox_free)
    sys_mbox_new                             0x0800eab5   Thumb Code    40  sys_arch.o(i.sys_mbox_new)
    sys_mbox_set_invalid                     0x0800eae1   Thumb Code     6  sys_arch.o(i.sys_mbox_set_invalid)
    sys_mbox_trypost                         0x0800eae7   Thumb Code    30  sys_arch.o(i.sys_mbox_trypost)
    sys_mbox_valid                           0x0800eb05   Thumb Code    14  sys_arch.o(i.sys_mbox_valid)
    sys_mutex_lock                           0x0800eb13   Thumb Code    16  sys_arch.o(i.sys_mutex_lock)
    sys_mutex_new                            0x0800eb23   Thumb Code    30  sys_arch.o(i.sys_mutex_new)
    sys_mutex_unlock                         0x0800eb41   Thumb Code    12  sys_arch.o(i.sys_mutex_unlock)
    sys_now                                  0x0800eb4d   Thumb Code     8  ethernetif.o(i.sys_now)
    sys_sem_free                             0x0800eb55   Thumb Code    12  sys_arch.o(i.sys_sem_free)
    sys_sem_new                              0x0800eb61   Thumb Code    44  sys_arch.o(i.sys_sem_new)
    sys_sem_set_invalid                      0x0800eb8d   Thumb Code     6  sys_arch.o(i.sys_sem_set_invalid)
    sys_sem_signal                           0x0800eb93   Thumb Code    12  sys_arch.o(i.sys_sem_signal)
    sys_sem_valid                            0x0800eb9f   Thumb Code    14  sys_arch.o(i.sys_sem_valid)
    sys_thread_new                           0x0800ebad   Thumb Code    54  sys_arch.o(i.sys_thread_new)
    sys_timeout                              0x0800ebe5   Thumb Code    58  timeouts.o(i.sys_timeout)
    sys_timeouts_init                        0x0800ed95   Thumb Code    30  timeouts.o(i.sys_timeouts_init)
    sys_timeouts_sleeptime                   0x0800edbd   Thumb Code    86  timeouts.o(i.sys_timeouts_sleeptime)
    tcp_abandon                              0x0800ee59   Thumb Code   274  tcp.o(i.tcp_abandon)
    tcp_abort                                0x0800f035   Thumb Code    14  tcp.o(i.tcp_abort)
    tcp_accept                               0x0800f043   Thumb Code    16  tcp.o(i.tcp_accept)
    tcp_alloc                                0x0800f10d   Thumb Code   172  tcp.o(i.tcp_alloc)
    tcp_arg                                  0x0800f1c9   Thumb Code     6  tcp.o(i.tcp_arg)
    tcp_bind                                 0x0800f1d1   Thumb Code   204  tcp.o(i.tcp_bind)
    tcp_close                                0x0800f351   Thumb Code    64  tcp.o(i.tcp_close)
    tcp_eff_send_mss_netif                   0x0800f8cd   Thumb Code    82  tcp.o(i.tcp_eff_send_mss_netif)
    tcp_enqueue_flags                        0x0800f9b1   Thumb Code   406  tcp_out.o(i.tcp_enqueue_flags)
    tcp_err                                  0x0800fc41   Thumb Code    44  tcp.o(i.tcp_err)
    tcp_fasttmr                              0x0800fcfd   Thumb Code   142  tcp.o(i.tcp_fasttmr)
    tcp_free                                 0x0800fd99   Thumb Code    40  tcp.o(i.tcp_free)
    tcp_init                                 0x0801008d   Thumb Code    20  tcp.o(i.tcp_init)
    tcp_input                                0x080100a5   Thumb Code  1958  tcp_in.o(i.tcp_input)
    tcp_keepalive                            0x08010951   Thumb Code    96  tcp_out.o(i.tcp_keepalive)
    tcp_listen_with_backlog_and_err          0x08010e21   Thumb Code   246  tcp.o(i.tcp_listen_with_backlog_and_err)
    tcp_netif_ip_addr_changed                0x08010ff5   Thumb Code    64  tcp.o(i.tcp_netif_ip_addr_changed)
    tcp_new_ip_type                          0x08011121   Thumb Code    16  tcp.o(i.tcp_new_ip_type)
    tcp_next_iss                             0x08011199   Thumb Code    50  tcp.o(i.tcp_next_iss)
    tcp_output                               0x08011259   Thumb Code   682  tcp_out.o(i.tcp_output)
    tcp_pcb_purge                            0x08011dc1   Thumb Code    94  tcp.o(i.tcp_pcb_purge)
    tcp_pcb_remove                           0x08011ea5   Thumb Code   220  tcp.o(i.tcp_pcb_remove)
    tcp_poll                                 0x08012059   Thumb Code    74  tcp.o(i.tcp_poll)
    tcp_process_refused_data                 0x08012841   Thumb Code   182  tcp.o(i.tcp_process_refused_data)
    tcp_recv                                 0x08013129   Thumb Code    44  tcp.o(i.tcp_recv)
    tcp_recv_null                            0x080131e5   Thumb Code    78  tcp.o(i.tcp_recv_null)
    tcp_recved                               0x080132b9   Thumb Code   134  tcp.o(i.tcp_recved)
    tcp_rexmit                               0x080134ad   Thumb Code   140  tcp_out.o(i.tcp_rexmit)
    tcp_rexmit_fast                          0x0801357d   Thumb Code   140  tcp_out.o(i.tcp_rexmit_fast)
    tcp_rexmit_rto                           0x08013655   Thumb Code    44  tcp_out.o(i.tcp_rexmit_rto)
    tcp_rexmit_rto_commit                    0x080136c9   Thumb Code    54  tcp_out.o(i.tcp_rexmit_rto_commit)
    tcp_rexmit_rto_prepare                   0x08013751   Thumb Code   148  tcp_out.o(i.tcp_rexmit_rto_prepare)
    tcp_rst                                  0x08013855   Thumb Code   144  tcp_out.o(i.tcp_rst)
    tcp_seg_free                             0x08013949   Thumb Code    26  tcp.o(i.tcp_seg_free)
    tcp_segs_free                            0x08013963   Thumb Code    24  tcp.o(i.tcp_segs_free)
    tcp_send_empty_ack                       0x0801397d   Thumb Code   192  tcp_out.o(i.tcp_send_empty_ack)
    tcp_send_fin                             0x08013a89   Thumb Code   102  tcp_out.o(i.tcp_send_fin)
    tcp_sent                                 0x08013b39   Thumb Code    42  tcp.o(i.tcp_sent)
    tcp_shutdown                             0x08013bf5   Thumb Code   134  tcp.o(i.tcp_shutdown)
    tcp_slowtmr                              0x08013d01   Thumb Code  1684  tcp.o(i.tcp_slowtmr)
    tcp_split_unsent_seg                     0x08014421   Thumb Code   508  tcp_out.o(i.tcp_split_unsent_seg)
    tcp_timer_needed                         0x080146bd   Thumb Code    38  timeouts.o(i.tcp_timer_needed)
    tcp_tmr                                  0x08014805   Thumb Code    30  tcp.o(i.tcp_tmr)
    tcp_trigger_input_pcb_close              0x08014829   Thumb Code    14  tcp_in.o(i.tcp_trigger_input_pcb_close)
    tcp_update_rcv_ann_wnd                   0x0801483d   Thumb Code   128  tcp.o(i.tcp_update_rcv_ann_wnd)
    tcp_write                                0x08014965   Thumb Code  1860  tcp_out.o(i.tcp_write)
    tcp_zero_window_probe                    0x080152c9   Thumb Code   236  tcp_out.o(i.tcp_zero_window_probe)
    tcpip_init                               0x08015405   Thumb Code   104  tcpip.o(i.tcpip_init)
    tcpip_inpkt                              0x08015539   Thumb Code    96  tcpip.o(i.tcpip_inpkt)
    tcpip_input                              0x08015615   Thumb Code    40  tcpip.o(i.tcpip_input)
    tcpip_send_msg_wait_sem                  0x08015645   Thumb Code    28  tcpip.o(i.tcpip_send_msg_wait_sem)
    udp_bind                                 0x080158c1   Thumb Code   172  udp.o(i.udp_bind)
    udp_connect                              0x080159f5   Thumb Code   158  udp.o(i.udp_connect)
    udp_init                                 0x08015b39   Thumb Code    20  udp.o(i.udp_init)
    udp_input                                0x08015b51   Thumb Code   412  udp.o(i.udp_input)
    udp_netif_ip_addr_changed                0x08015ef5   Thumb Code    42  udp.o(i.udp_netif_ip_addr_changed)
    udp_new                                  0x08015f25   Thumb Code    28  udp.o(i.udp_new)
    udp_new_ip_type                          0x08015f41   Thumb Code    14  udp.o(i.udp_new_ip_type)
    udp_recv                                 0x08015fa9   Thumb Code    44  udp.o(i.udp_recv)
    udp_remove                               0x08016055   Thumb Code    94  udp.o(i.udp_remove)
    udp_sendto_if                            0x08016139   Thumb Code   200  udp.o(i.udp_sendto_if)
    udp_sendto_if_src                        0x080162e1   Thumb Code   384  udp.o(i.udp_sendto_if_src)
    uxListRemove                             0x080165a5   Thumb Code    40  list.o(i.uxListRemove)
    uxQueueMessagesWaiting                   0x080165cd   Thumb Code    46  queue.o(i.uxQueueMessagesWaiting)
    uxQueueMessagesWaitingFromISR            0x080165fb   Thumb Code    38  queue.o(i.uxQueueMessagesWaitingFromISR)
    uxTaskGetSystemState                     0x08016621   Thumb Code   134  tasks.o(i.uxTaskGetSystemState)
    vListInitialise                          0x080166bd   Thumb Code    26  list.o(i.vListInitialise)
    vListInitialiseItem                      0x080166d7   Thumb Code     6  list.o(i.vListInitialiseItem)
    vListInsert                              0x080166dd   Thumb Code    52  list.o(i.vListInsert)
    vListInsertEnd                           0x08016711   Thumb Code    24  list.o(i.vListInsertEnd)
    vPortEnterCritical                       0x08016729   Thumb Code    84  port.o(i.vPortEnterCritical)
    vPortExitCritical                        0x08016785   Thumb Code    60  port.o(i.vPortExitCritical)
    vPortFree                                0x080167c5   Thumb Code   148  heap_4.o(i.vPortFree)
    vPortSetupTimerInterrupt                 0x08016861   Thumb Code    36  port.o(i.vPortSetupTimerInterrupt)
    vPortValidateInterruptPriority           0x08016889   Thumb Code   114  port.o(i.vPortValidateInterruptPriority)
    vQueueDelete                             0x08016909   Thumb Code    48  queue.o(i.vQueueDelete)
    vQueueUnregisterQueue                    0x08016939   Thumb Code    44  queue.o(i.vQueueUnregisterQueue)
    vTaskDelay                               0x08016969   Thumb Code    86  tasks.o(i.vTaskDelay)
    vTaskDelete                              0x080169c9   Thumb Code   206  tasks.o(i.vTaskDelete)
    vTaskGetInfo                             0x08016ac1   Thumb Code   106  tasks.o(i.vTaskGetInfo)
    vTaskInternalSetTimeOutState             0x08016b31   Thumb Code    14  tasks.o(i.vTaskInternalSetTimeOutState)
    vTaskList                                0x08016b49   Thumb Code   200  tasks.o(i.vTaskList)
    vTaskMissedYield                         0x08016c25   Thumb Code     8  tasks.o(i.vTaskMissedYield)
    vTaskPlaceOnEventList                    0x08016c31   Thumb Code    56  tasks.o(i.vTaskPlaceOnEventList)
    vTaskPriorityDisinheritAfterTimeout      0x08016c6d   Thumb Code   238  tasks.o(i.vTaskPriorityDisinheritAfterTimeout)
    vTaskStartScheduler                      0x08016d69   Thumb Code   116  tasks.o(i.vTaskStartScheduler)
    vTaskSuspendAll                          0x08016df9   Thumb Code    12  tasks.o(i.vTaskSuspendAll)
    vTaskSwitchContext                       0x08016e09   Thumb Code   122  tasks.o(i.vTaskSwitchContext)
    xPortStartScheduler                      0x08016e99   Thumb Code   252  port.o(i.xPortStartScheduler)
    xPortSysTickHandler                      0x08016fad   Thumb Code    50  port.o(i.xPortSysTickHandler)
    xQueueCreateCountingSemaphore            0x08016fe5   Thumb Code   100  queue.o(i.xQueueCreateCountingSemaphore)
    xQueueCreateMutex                        0x08017049   Thumb Code    34  queue.o(i.xQueueCreateMutex)
    xQueueGenericCreate                      0x0801706b   Thumb Code    94  queue.o(i.xQueueGenericCreate)
    xQueueGenericReset                       0x080170c9   Thumb Code   150  queue.o(i.xQueueGenericReset)
    xQueueGenericSend                        0x08017165   Thumb Code   436  queue.o(i.xQueueGenericSend)
    xQueueGenericSendFromISR                 0x0801731d   Thumb Code   264  queue.o(i.xQueueGenericSendFromISR)
    xQueueGiveFromISR                        0x08017425   Thumb Code   240  queue.o(i.xQueueGiveFromISR)
    xQueueReceive                            0x08017515   Thumb Code   368  queue.o(i.xQueueReceive)
    xQueueReceiveFromISR                     0x08017689   Thumb Code   214  queue.o(i.xQueueReceiveFromISR)
    xQueueSemaphoreTake                      0x08017761   Thumb Code   450  queue.o(i.xQueueSemaphoreTake)
    xTaskCheckForTimeOut                     0x08017929   Thumb Code   130  tasks.o(i.xTaskCheckForTimeOut)
    xTaskCreate                              0x080179b5   Thumb Code    96  tasks.o(i.xTaskCreate)
    xTaskGetSchedulerState                   0x08017a15   Thumb Code    24  tasks.o(i.xTaskGetSchedulerState)
    xTaskGetTickCount                        0x08017a35   Thumb Code     6  tasks.o(i.xTaskGetTickCount)
    xTaskGetTickCountFromISR                 0x08017a41   Thumb Code    16  tasks.o(i.xTaskGetTickCountFromISR)
    xTaskIncrementTick                       0x08017a55   Thumb Code   286  tasks.o(i.xTaskIncrementTick)
    xTaskPriorityDisinherit                  0x08017ba1   Thumb Code   196  tasks.o(i.xTaskPriorityDisinherit)
    xTaskPriorityInherit                     0x08017c71   Thumb Code   186  tasks.o(i.xTaskPriorityInherit)
    xTaskRemoveFromEventList                 0x08017d39   Thumb Code   132  tasks.o(i.xTaskRemoveFromEventList)
    xTaskResumeAll                           0x08017dd5   Thumb Code   228  tasks.o(i.xTaskResumeAll)
    netconn_aborted                          0x08017edc   Data           1  api_msg.o(.constdata)
    netconn_reset                            0x08017edd   Data           1  api_msg.o(.constdata)
    netconn_closed                           0x08017ede   Data           1  api_msg.o(.constdata)
    Font24_Table                             0x08017edf   Data        6840  stm32746g_discovery_lcd.o(.constdata)
    Font20_Table                             0x08019997   Data        3800  stm32746g_discovery_lcd.o(.constdata)
    Font16_Table                             0x0801a86f   Data        3040  stm32746g_discovery_lcd.o(.constdata)
    Font12_Table                             0x0801b44f   Data        1140  stm32746g_discovery_lcd.o(.constdata)
    Font8_Table                              0x0801b8c3   Data         760  stm32746g_discovery_lcd.o(.constdata)
    lwip_cyclic_timers                       0x0801bbc4   Data          40  timeouts.o(.constdata)
    lwip_num_cyclic_timers                   0x0801bbec   Data           4  timeouts.o(.constdata)
    memp_UDP_PCB                             0x0801bbf0   Data          12  memp.o(.constdata)
    memp_TCP_PCB                             0x0801bbfc   Data          12  memp.o(.constdata)
    memp_TCP_PCB_LISTEN                      0x0801bc08   Data          12  memp.o(.constdata)
    memp_TCP_SEG                             0x0801bc14   Data          12  memp.o(.constdata)
    memp_REASSDATA                           0x0801bc20   Data          12  memp.o(.constdata)
    memp_FRAG_PBUF                           0x0801bc2c   Data          12  memp.o(.constdata)
    memp_NETBUF                              0x0801bc38   Data          12  memp.o(.constdata)
    memp_NETCONN                             0x0801bc44   Data          12  memp.o(.constdata)
    memp_TCPIP_MSG_API                       0x0801bc50   Data          12  memp.o(.constdata)
    memp_TCPIP_MSG_INPKT                     0x0801bc5c   Data          12  memp.o(.constdata)
    memp_SYS_TIMEOUT                         0x0801bc68   Data          12  memp.o(.constdata)
    memp_PBUF                                0x0801bc74   Data          12  memp.o(.constdata)
    memp_PBUF_POOL                           0x0801bc80   Data          12  memp.o(.constdata)
    memp_pools                               0x0801bc8c   Data          52  memp.o(.constdata)
    tcp_pcb_lists                            0x0801bd00   Data          16  tcp.o(.constdata)
    file__STM32F7xx_files_logo_jpg           0x08024978   Data          20  fs.o(.constdata)
    file__STM32F7xx_files_ST_gif             0x0802498c   Data          20  fs.o(.constdata)
    file__STM32F7xx_files_stm32_jpg          0x080249a0   Data          20  fs.o(.constdata)
    file__404_html                           0x080249b4   Data          20  fs.o(.constdata)
    file__STM32F7xx_html                     0x080249c8   Data          20  fs.o(.constdata)
    os_mutex_def_lwip_sys_mutex              0x080249dc   Data           4  sys_arch.o(.constdata)
    ethbroadcast                             0x080249e8   Data           6  ethernet.o(.constdata)
    ethzero                                  0x080249ee   Data           6  ethernet.o(.constdata)
    AHBPrescTable                            0x080249f4   Data          16  system_stm32f7xx.o(.constdata)
    APBPrescTable                            0x08024a04   Data           8  system_stm32f7xx.o(.constdata)
    ip_addr_any                              0x08024a0c   Data           4  ip4_addr.o(.constdata)
    ip_addr_broadcast                        0x08024a10   Data           4  ip4_addr.o(.constdata)
    Region$$Table$$Base                      0x08025534   Number         0  anon$$obj.o(Region$$Table)
    Region$$Table$$Limit                     0x08025554   Number         0  anon$$obj.o(Region$$Table)
    LCD_LineColor                            0x20000000   Data           4  lcd_log.o(.data)
    LCD_CacheBuffer_xptr                     0x20000004   Data           2  lcd_log.o(.data)
    LCD_CacheBuffer_yptr_top                 0x20000006   Data           2  lcd_log.o(.data)
    LCD_CacheBuffer_yptr_bottom              0x20000008   Data           2  lcd_log.o(.data)
    LCD_CacheBuffer_yptr_top_bak             0x2000000a   Data           2  lcd_log.o(.data)
    LCD_CacheBuffer_yptr_bottom_bak          0x2000000c   Data           2  lcd_log.o(.data)
    LCD_CacheBuffer_yptr_invert              0x2000000e   Data           1  lcd_log.o(.data)
    LCD_ScrollActive                         0x2000000f   Data           1  lcd_log.o(.data)
    LCD_Lock                                 0x20000010   Data           1  lcd_log.o(.data)
    LCD_Scrolled                             0x20000011   Data           1  lcd_log.o(.data)
    LCD_ScrollBackStep                       0x20000012   Data           2  lcd_log.o(.data)
    lock_tcpip_core                          0x20000020   Data           4  tcpip.o(.data)
    Font24                                   0x20000028   Data           8  stm32746g_discovery_lcd.o(.data)
    Font20                                   0x20000030   Data           8  stm32746g_discovery_lcd.o(.data)
    Font16                                   0x20000038   Data           8  stm32746g_discovery_lcd.o(.data)
    Font12                                   0x20000040   Data           8  stm32746g_discovery_lcd.o(.data)
    Font8                                    0x20000048   Data           8  stm32746g_discovery_lcd.o(.data)
    uwTick                                   0x20000054   Data           4  stm32f7xx_hal.o(.data)
    uwTickPrio                               0x20000058   Data           4  stm32f7xx_hal.o(.data)
    uwTickFreq                               0x2000005c   Data           1  stm32f7xx_hal.o(.data)
    udp_pcbs                                 0x20000070   Data           4  udp.o(.data)
    netif_list                               0x200000a8   Data           4  netif.o(.data)
    netif_default                            0x200000ac   Data           4  netif.o(.data)
    tcp_ticks                                0x200000b8   Data           4  tcp.o(.data)
    tcp_bound_pcbs                           0x200000bc   Data           4  tcp.o(.data)
    tcp_listen_pcbs                          0x200000c0   Data           4  tcp.o(.data)
    tcp_active_pcbs                          0x200000c4   Data           4  tcp.o(.data)
    tcp_tw_pcbs                              0x200000c8   Data           4  tcp.o(.data)
    tcp_active_pcbs_changed                  0x200000cc   Data           1  tcp.o(.data)
    tcp_input_pcb                            0x20000108   Data           4  tcp_in.o(.data)
    pxCurrentTCB                             0x20000130   Data           4  tasks.o(.data)
    errno                                    0x2000016c   Data           4  sys_arch.o(.data)
    lwip_sys_mutex                           0x20000170   Data           4  sys_arch.o(.data)
    SystemCoreClock                          0x20000174   Data           4  system_stm32f7xx.o(.data)
    dhcp_rx_options_given                    0x20000184   Data           8  dhcp.o(.data)
    nPageHits                                0x2000019c   Data           4  httpserver-netconn.o(.data)
    s_xSemaphore                             0x200001a0   Data           4  ethernetif.o(.data)
    DHCP_state                               0x200001a4   Data           1  app_ethernet.o(.data)
    __stdout                                 0x200001ac   Data           4  stdout.o(.data)
    LCD_CacheBuffer                          0x200001b0   Data       15444  lcd_log.o(.bss)
    sdramHandle                              0x20003e04   Data          52  stm32746g_discovery_sdram.o(.bss)
    hLtdcHandler                             0x20003f24   Data         168  stm32746g_discovery_lcd.o(.bss)
    ip_data                                  0x200040a8   Data          24  ip.o(.bss)
    memp_memory_UDP_PCB_base                 0x200040c0   Data         195  memp.o(.bss)
    memp_memory_TCP_PCB_base                 0x20004183   Data        1523  memp.o(.bss)
    memp_memory_TCP_PCB_LISTEN_base          0x20004776   Data         143  memp.o(.bss)
    memp_memory_TCP_SEG_base                 0x20004805   Data         131  memp.o(.bss)
    memp_memory_REASSDATA_base               0x20004888   Data         163  memp.o(.bss)
    memp_memory_FRAG_PBUF_base               0x2000492b   Data         363  memp.o(.bss)
    memp_memory_NETBUF_base                  0x20004a96   Data          35  memp.o(.bss)
    memp_memory_NETCONN_base                 0x20004ab9   Data         147  memp.o(.bss)
    memp_memory_TCPIP_MSG_API_base           0x20004b4c   Data         131  memp.o(.bss)
    memp_memory_TCPIP_MSG_INPKT_base         0x20004bcf   Data         131  memp.o(.bss)
    memp_memory_SYS_TIMEOUT_base             0x20004c52   Data         163  memp.o(.bss)
    memp_memory_PBUF_base                    0x20004cf5   Data         163  memp.o(.bss)
    memp_memory_PBUF_POOL_base               0x20004d98   Data       12323  memp.o(.bss)
    ram_heap                                 0x20007dbb   Data       10259  mem.o(.bss)
    xQueueRegistry                           0x2000f5e0   Data          64  queue.o(.bss)
    dhcp_rx_options_val                      0x2000f7fc   Data          32  dhcp.o(.bss)
    gnetif                                   0x2000f81c   Data          56  main.o(.bss)
    EthHandle                                0x2000f854   Data          72  ethernetif.o(.bss)
    TimHandle                                0x2000f89c   Data          64  stm32f7xx_hal_timebase_tim.o(.bss)
    __initial_sp                             0x2000fd40   Data           0  startup_stm32f746xx.o(STACK)
    DMARxDscrTab                             0x2004c000   Data         128  ethernetif.o(.ARM.__AT_0x2004C000)
    DMATxDscrTab                             0x2004c080   Data         128  ethernetif.o(.ARM.__AT_0x2004C080)
    Rx_Buff                                  0x2004c100   Data        6096  ethernetif.o(.ARM.__AT_0x2004C100)
    Tx_Buff                                  0x2004d8d0   Data        6096  ethernetif.o(.ARM.__AT_0x2004D8D0)



==============================================================================

Memory Map of the image

  Image Entry point : 0x080001c9

  Load Region LR_IROM1 (Base: 0x08000000, Size: 0x00025704, Max: 0x00100000, ABSOLUTE, COMPRESSED[0x000255a0])

    Execution Region ER_IROM1 (Exec base: 0x08000000, Load base: 0x08000000, Size: 0x00025554, Max: 0x00100000, ABSOLUTE)

    Exec Addr    Load Addr    Size         Type   Attr      Idx    E Section Name        Object

    0x08000000   0x08000000   0x000001c8   Data   RO         8628    RESET               startup_stm32f746xx.o
    0x080001c8   0x080001c8   0x00000000   Code   RO         9584  * .ARM.Collect$$$$00000000  mc_w.l(entry.o)
    0x080001c8   0x080001c8   0x00000004   Code   RO         9907    .ARM.Collect$$$$00000001  mc_w.l(entry2.o)
    0x080001cc   0x080001cc   0x00000004   Code   RO         9910    .ARM.Collect$$$$00000004  mc_w.l(entry5.o)
    0x080001d0   0x080001d0   0x00000000   Code   RO         9912    .ARM.Collect$$$$00000008  mc_w.l(entry7b.o)
    0x080001d0   0x080001d0   0x00000000   Code   RO         9914    .ARM.Collect$$$$0000000A  mc_w.l(entry8b.o)
    0x080001d0   0x080001d0   0x00000008   Code   RO         9915    .ARM.Collect$$$$0000000B  mc_w.l(entry9a.o)
    0x080001d8   0x080001d8   0x00000000   Code   RO         9917    .ARM.Collect$$$$0000000D  mc_w.l(entry10a.o)
    0x080001d8   0x080001d8   0x00000000   Code   RO         9919    .ARM.Collect$$$$0000000F  mc_w.l(entry11a.o)
    0x080001d8   0x080001d8   0x00000004   Code   RO         9908    .ARM.Collect$$$$00002712  mc_w.l(entry2.o)
    0x080001dc   0x080001dc   0x000000c2   Code   RO         7319    .emb_text           port.o
    0x0800029e   0x0800029e   0x00000002   PAD
    0x080002a0   0x080002a0   0x00000024   Code   RO         8629    .text               startup_stm32f746xx.o
    0x080002c4   0x080002c4   0x00000062   Code   RO         9587    .text               mc_w.l(uldiv.o)
    0x08000326   0x08000326   0x00000002   PAD
    0x08000328   0x08000328   0x00000024   Code   RO         9617    .text               mc_w.l(rand.o)
    0x0800034c   0x0800034c   0x00000040   Code   RO         9622    .text               mc_w.l(memmovea.o)
    0x0800038c   0x0800038c   0x00000024   Code   RO         9624    .text               mc_w.l(memseta.o)
    0x080003b0   0x080003b0   0x00000018   Code   RO         9626    .text               mc_w.l(strcat.o)
    0x080003c8   0x080003c8   0x0000000e   Code   RO         9630    .text               mc_w.l(strlen.o)
    0x080003d6   0x080003d6   0x0000001c   Code   RO         9632    .text               mc_w.l(strcmp.o)
    0x080003f2   0x080003f2   0x0000001a   Code   RO         9634    .text               mc_w.l(memcmp.o)
    0x0800040c   0x0800040c   0x00000012   Code   RO         9636    .text               mc_w.l(strcpy.o)
    0x0800041e   0x0800041e   0x0000001e   Code   RO         9638    .text               mc_w.l(strncmp.o)
    0x0800043c   0x0800043c   0x0000002c   Code   RO         9922    .text               mc_w.l(uidiv.o)
    0x08000468   0x08000468   0x0000001e   Code   RO         9924    .text               mc_w.l(llshl.o)
    0x08000486   0x08000486   0x00000020   Code   RO         9926    .text               mc_w.l(llushr.o)
    0x080004a6   0x080004a6   0x00000002   PAD
    0x080004a8   0x080004a8   0x00000024   Code   RO         9948    .text               mc_w.l(init.o)
    0x080004cc   0x080004cc   0x0000003a   Code   RO         9966    .text               mc_w.l(__dczerorl.o)
    0x08000506   0x08000506   0x00000002   PAD
    0x08000508   0x08000508   0x000000b0   Code   RO         9195    i.BSP_Config        main.o
    0x080005b8   0x080005b8   0x00000040   Code   RO         1370    i.BSP_LCD_Clear     stm32746g_discovery_lcd.o
    0x080005f8   0x080005f8   0x0000002c   Code   RO         1372    i.BSP_LCD_ClockConfig  stm32746g_discovery_lcd.o
    0x08000624   0x08000624   0x00000068   Code   RO         1374    i.BSP_LCD_DisplayChar  stm32746g_discovery_lcd.o
    0x0800068c   0x0800068c   0x00000128   Code   RO         1377    i.BSP_LCD_DisplayStringAt  stm32746g_discovery_lcd.o
    0x080007b4   0x080007b4   0x0000001e   Code   RO         1378    i.BSP_LCD_DisplayStringAtLine  stm32746g_discovery_lcd.o
    0x080007d2   0x080007d2   0x00000002   PAD
    0x080007d4   0x080007d4   0x0000006c   Code   RO         1384    i.BSP_LCD_DrawPixel  stm32746g_discovery_lcd.o
    0x08000840   0x08000840   0x000000b8   Code   RO         1391    i.BSP_LCD_FillRect  stm32746g_discovery_lcd.o
    0x080008f8   0x080008f8   0x0000001c   Code   RO         1393    i.BSP_LCD_GetFont   stm32746g_discovery_lcd.o
    0x08000914   0x08000914   0x00000020   Code   RO         1395    i.BSP_LCD_GetXSize  stm32746g_discovery_lcd.o
    0x08000934   0x08000934   0x00000020   Code   RO         1396    i.BSP_LCD_GetYSize  stm32746g_discovery_lcd.o
    0x08000954   0x08000954   0x000000b0   Code   RO         1397    i.BSP_LCD_Init      stm32746g_discovery_lcd.o
    0x08000a04   0x08000a04   0x00000090   Code   RO         1398    i.BSP_LCD_LayerDefaultInit  stm32746g_discovery_lcd.o
    0x08000a94   0x08000a94   0x000001ac   Code   RO         1401    i.BSP_LCD_MspInit   stm32746g_discovery_lcd.o
    0x08000c40   0x08000c40   0x0000000c   Code   RO         1406    i.BSP_LCD_SelectLayer  stm32746g_discovery_lcd.o
    0x08000c4c   0x08000c4c   0x0000001c   Code   RO         1407    i.BSP_LCD_SetBackColor  stm32746g_discovery_lcd.o
    0x08000c68   0x08000c68   0x0000001c   Code   RO         1410    i.BSP_LCD_SetFont   stm32746g_discovery_lcd.o
    0x08000c84   0x08000c84   0x00000018   Code   RO         1417    i.BSP_LCD_SetTextColor  stm32746g_discovery_lcd.o
    0x08000c9c   0x08000c9c   0x0000008c   Code   RO         1289    i.BSP_SDRAM_Init    stm32746g_discovery_sdram.o
    0x08000d28   0x08000d28   0x00000098   Code   RO         1290    i.BSP_SDRAM_Initialization_sequence  stm32746g_discovery_sdram.o
    0x08000dc0   0x08000dc0   0x000001c8   Code   RO         1292    i.BSP_SDRAM_MspInit  stm32746g_discovery_sdram.o
    0x08000f88   0x08000f88   0x00000004   Code   RO         9517    i.BusFault_Handler  stm32f7xx_it.o
    0x08000f8c   0x08000f8c   0x000000b8   Code   RO         9196    i.CPU_CACHE_Enable  main.o
    0x08001044   0x08001044   0x00000188   Code   RO         9481    i.DHCP_thread       app_ethernet.o
    0x080011cc   0x080011cc   0x000000e6   Code   RO         3949    i.DMA2D_SetConfig   stm32f7xx_hal_dma2d.o
    0x080012b2   0x080012b2   0x00000002   PAD
    0x080012b4   0x080012b4   0x00000034   Code   RO         4296    i.DMA_CalcBaseAndBitshift  stm32f7xx_hal_dma.o
    0x080012e8   0x080012e8   0x000000aa   Code   RO         4297    i.DMA_CheckFifoParam  stm32f7xx_hal_dma.o
    0x08001392   0x08001392   0x00000002   Code   RO         9518    i.DebugMon_Handler  stm32f7xx_it.o
    0x08001394   0x08001394   0x00000104   Code   RO         1422    i.DrawChar          stm32746g_discovery_lcd.o
    0x08001498   0x08001498   0x0000018c   Code   RO         9301    i.DynWebPage        httpserver-netconn.o
    0x08001624   0x08001624   0x00000016   Code   RO         2593    i.ETH_DMAReceptionEnable  stm32f7xx_hal_eth.o
    0x0800163a   0x0800163a   0x00000016   Code   RO         2595    i.ETH_DMATransmissionEnable  stm32f7xx_hal_eth.o
    0x08001650   0x08001650   0x00000038   Code   RO         2596    i.ETH_FlushTransmitFIFO  stm32f7xx_hal_eth.o
    0x08001688   0x08001688   0x00000010   Code   RO         9519    i.ETH_IRQHandler    stm32f7xx_it.o
    0x08001698   0x08001698   0x00000034   Code   RO         2597    i.ETH_MACAddressConfig  stm32f7xx_hal_eth.o
    0x080016cc   0x080016cc   0x00000244   Code   RO         2598    i.ETH_MACDMAConfig  stm32f7xx_hal_eth.o
    0x08001910   0x08001910   0x00000028   Code   RO         2600    i.ETH_MACReceptionEnable  stm32f7xx_hal_eth.o
    0x08001938   0x08001938   0x00000028   Code   RO         2602    i.ETH_MACTransmissionEnable  stm32f7xx_hal_eth.o
    0x08001960   0x08001960   0x00000004   Code   RO         9197    i.Error_Handler     main.o
    0x08001964   0x08001964   0x00000074   Code   RO         3696    i.FMC_SDRAM_Init    stm32f7xx_ll_fmc.o
    0x080019d8   0x080019d8   0x0000000e   Code   RO         3697    i.FMC_SDRAM_ProgramRefreshRate  stm32f7xx_ll_fmc.o
    0x080019e6   0x080019e6   0x00000026   Code   RO         3698    i.FMC_SDRAM_SendCommand  stm32f7xx_ll_fmc.o
    0x08001a0c   0x08001a0c   0x0000009c   Code   RO         3700    i.FMC_SDRAM_Timing_Init  stm32f7xx_ll_fmc.o
    0x08001aa8   0x08001aa8   0x000000cc   Code   RO         3961    i.HAL_DMA2D_ConfigLayer  stm32f7xx_hal_dma2d.o
    0x08001b74   0x08001b74   0x00000060   Code   RO         3969    i.HAL_DMA2D_Init    stm32f7xx_hal_dma2d.o
    0x08001bd4   0x08001bd4   0x00000002   Code   RO         3972    i.HAL_DMA2D_MspInit  stm32f7xx_hal_dma2d.o
    0x08001bd6   0x08001bd6   0x00000166   Code   RO         3973    i.HAL_DMA2D_PollForTransfer  stm32f7xx_hal_dma2d.o
    0x08001d3c   0x08001d3c   0x0000004e   Code   RO         3976    i.HAL_DMA2D_Start   stm32f7xx_hal_dma2d.o
    0x08001d8a   0x08001d8a   0x0000006e   Code   RO         4301    i.HAL_DMA_DeInit    stm32f7xx_hal_dma.o
    0x08001df8   0x08001df8   0x000000ec   Code   RO         4305    i.HAL_DMA_Init      stm32f7xx_hal_dma.o
    0x08001ee4   0x08001ee4   0x00000028   Code   RO         3490    i.HAL_Delay         stm32f7xx_hal.o
    0x08001f0c   0x08001f0c   0x0000008c   Code   RO         2605    i.HAL_ETH_DMARxDescListInit  stm32f7xx_hal_eth.o
    0x08001f98   0x08001f98   0x00000084   Code   RO         2606    i.HAL_ETH_DMATxDescListInit  stm32f7xx_hal_eth.o
    0x0800201c   0x0800201c   0x00000002   Code   RO         2608    i.HAL_ETH_ErrorCallback  stm32f7xx_hal_eth.o
    0x0800201e   0x0800201e   0x000000ba   Code   RO         2610    i.HAL_ETH_GetReceivedFrame_IT  stm32f7xx_hal_eth.o
    0x080020d8   0x080020d8   0x000000a4   Code   RO         2612    i.HAL_ETH_IRQHandler  stm32f7xx_hal_eth.o
    0x0800217c   0x0800217c   0x0000029c   Code   RO         2613    i.HAL_ETH_Init      stm32f7xx_hal_eth.o
    0x08002418   0x08002418   0x00000104   Code   RO         9348    i.HAL_ETH_MspInit   ethernetif.o
    0x0800251c   0x0800251c   0x00000092   Code   RO         2616    i.HAL_ETH_ReadPHYRegister  stm32f7xx_hal_eth.o
    0x080025ae   0x080025ae   0x00000002   PAD
    0x080025b0   0x080025b0   0x00000014   Code   RO         9349    i.HAL_ETH_RxCpltCallback  ethernetif.o
    0x080025c4   0x080025c4   0x00000052   Code   RO         2618    i.HAL_ETH_Start     stm32f7xx_hal_eth.o
    0x08002616   0x08002616   0x0000013e   Code   RO         2620    i.HAL_ETH_TransmitFrame  stm32f7xx_hal_eth.o
    0x08002754   0x08002754   0x00000002   Code   RO         2621    i.HAL_ETH_TxCpltCallback  stm32f7xx_hal_eth.o
    0x08002756   0x08002756   0x00000090   Code   RO         2622    i.HAL_ETH_WritePHYRegister  stm32f7xx_hal_eth.o
    0x080027e6   0x080027e6   0x00000002   PAD
    0x080027e8   0x080027e8   0x00000218   Code   RO         1749    i.HAL_GPIO_Init     stm32f7xx_hal_gpio.o
    0x08002a00   0x08002a00   0x0000000c   Code   RO         1753    i.HAL_GPIO_WritePin  stm32f7xx_hal_gpio.o
    0x08002a0c   0x08002a0c   0x0000000c   Code   RO         3498    i.HAL_GetTick       stm32f7xx_hal.o
    0x08002a18   0x08002a18   0x00000018   Code   RO         3504    i.HAL_IncTick       stm32f7xx_hal.o
    0x08002a30   0x08002a30   0x00000028   Code   RO         3505    i.HAL_Init          stm32f7xx_hal.o
    0x08002a58   0x08002a58   0x00000094   Code   RO         9430    i.HAL_InitTick      stm32f7xx_hal_timebase_tim.o
    0x08002aec   0x08002aec   0x0000005e   Code   RO         4940    i.HAL_LTDC_ConfigLayer  stm32f7xx_hal_ltdc.o
    0x08002b4a   0x08002b4a   0x00000008   Code   RO         4955    i.HAL_LTDC_GetState  stm32f7xx_hal_ltdc.o
    0x08002b52   0x08002b52   0x00000002   PAD
    0x08002b54   0x08002b54   0x00000118   Code   RO         4957    i.HAL_LTDC_Init     stm32f7xx_hal_ltdc.o
    0x08002c6c   0x08002c6c   0x00000002   Code   RO         4960    i.HAL_LTDC_MspInit  stm32f7xx_hal_ltdc.o
    0x08002c6e   0x08002c6e   0x00000002   PAD
    0x08002c70   0x08002c70   0x0000005c   Code   RO         5194    i.HAL_MPU_ConfigRegion  stm32f7xx_hal_cortex.o
    0x08002ccc   0x08002ccc   0x00000020   Code   RO         5195    i.HAL_MPU_Disable   stm32f7xx_hal_cortex.o
    0x08002cec   0x08002cec   0x00000028   Code   RO         5196    i.HAL_MPU_Enable    stm32f7xx_hal_cortex.o
    0x08002d14   0x08002d14   0x00000002   Code   RO         3508    i.HAL_MspInit       stm32f7xx_hal.o
    0x08002d16   0x08002d16   0x00000028   Code   RO         5199    i.HAL_NVIC_EnableIRQ  stm32f7xx_hal_cortex.o
    0x08002d3e   0x08002d3e   0x0000007c   Code   RO         5205    i.HAL_NVIC_SetPriority  stm32f7xx_hal_cortex.o
    0x08002dba   0x08002dba   0x00000002   PAD
    0x08002dbc   0x08002dbc   0x00000028   Code   RO         5206    i.HAL_NVIC_SetPriorityGrouping  stm32f7xx_hal_cortex.o
    0x08002de4   0x08002de4   0x00000090   Code   RO         5555    i.HAL_PWREx_EnableOverDrive  stm32f7xx_hal_pwr_ex.o
    0x08002e74   0x08002e74   0x000006e0   Code   RO         2538    i.HAL_RCCEx_PeriphCLKConfig  stm32f7xx_hal_rcc_ex.o
    0x08003554   0x08003554   0x00000194   Code   RO         5335    i.HAL_RCC_ClockConfig  stm32f7xx_hal_rcc.o
    0x080036e8   0x080036e8   0x00000044   Code   RO         5339    i.HAL_RCC_GetClockConfig  stm32f7xx_hal_rcc.o
    0x0800372c   0x0800372c   0x0000000c   Code   RO         5340    i.HAL_RCC_GetHCLKFreq  stm32f7xx_hal_rcc.o
    0x08003738   0x08003738   0x00000020   Code   RO         5342    i.HAL_RCC_GetPCLK1Freq  stm32f7xx_hal_rcc.o
    0x08003758   0x08003758   0x000000b0   Code   RO         5344    i.HAL_RCC_GetSysClockFreq  stm32f7xx_hal_rcc.o
    0x08003808   0x08003808   0x00000504   Code   RO         5347    i.HAL_RCC_OscConfig  stm32f7xx_hal_rcc.o
    0x08003d0c   0x08003d0c   0x00000040   Code   RO         4787    i.HAL_SDRAM_Init    stm32f7xx_hal_sdram.o
    0x08003d4c   0x08003d4c   0x00000002   Code   RO         4789    i.HAL_SDRAM_MspInit  stm32f7xx_hal_sdram.o
    0x08003d4e   0x08003d4e   0x00000028   Code   RO         4790    i.HAL_SDRAM_ProgramRefreshRate  stm32f7xx_hal_sdram.o
    0x08003d76   0x08003d76   0x0000003a   Code   RO         4796    i.HAL_SDRAM_SendCommand  stm32f7xx_hal_sdram.o
    0x08003db0   0x08003db0   0x00000002   Code   RO         1812    i.HAL_TIMEx_Break2Callback  stm32f7xx_hal_tim_ex.o
    0x08003db2   0x08003db2   0x00000002   Code   RO         1813    i.HAL_TIMEx_BreakCallback  stm32f7xx_hal_tim_ex.o
    0x08003db4   0x08003db4   0x00000002   Code   RO         1814    i.HAL_TIMEx_CommutCallback  stm32f7xx_hal_tim_ex.o
    0x08003db6   0x08003db6   0x00000034   Code   RO         2787    i.HAL_TIM_Base_Init  stm32f7xx_hal_tim.o
    0x08003dea   0x08003dea   0x00000002   Code   RO         2789    i.HAL_TIM_Base_MspInit  stm32f7xx_hal_tim.o
    0x08003dec   0x08003dec   0x00000038   Code   RO         2792    i.HAL_TIM_Base_Start_IT  stm32f7xx_hal_tim.o
    0x08003e24   0x08003e24   0x00000002   Code   RO         2816    i.HAL_TIM_IC_CaptureCallback  stm32f7xx_hal_tim.o
    0x08003e26   0x08003e26   0x000001b8   Code   RO         2830    i.HAL_TIM_IRQHandler  stm32f7xx_hal_tim.o
    0x08003fde   0x08003fde   0x00000002   Code   RO         2833    i.HAL_TIM_OC_DelayElapsedCallback  stm32f7xx_hal_tim.o
    0x08003fe0   0x08003fe0   0x00000002   Code   RO         2860    i.HAL_TIM_PWM_PulseFinishedCallback  stm32f7xx_hal_tim.o
    0x08003fe2   0x08003fe2   0x0000000a   Code   RO         9433    i.HAL_TIM_PeriodElapsedCallback  stm32f7xx_hal_timebase_tim.o
    0x08003fec   0x08003fec   0x00000002   Code   RO         2873    i.HAL_TIM_TriggerCallback  stm32f7xx_hal_tim.o
    0x08003fee   0x08003fee   0x00000004   Code   RO         9520    i.HardFault_Handler  stm32f7xx_it.o
    0x08003ff2   0x08003ff2   0x00000002   PAD
    0x08003ff4   0x08003ff4   0x00000068   Code   RO            5    i.LCD_LOG_DeInit    lcd_log.o
    0x0800405c   0x0800405c   0x00000010   Code   RO            6    i.LCD_LOG_Init      lcd_log.o
    0x0800406c   0x0800406c   0x0000007c   Code   RO            9    i.LCD_LOG_SetFooter  lcd_log.o
    0x080040e8   0x080040e8   0x0000006c   Code   RO           10    i.LCD_LOG_SetHeader  lcd_log.o
    0x08004154   0x08004154   0x000000c4   Code   RO           11    i.LCD_LOG_UpdateDisplay  lcd_log.o
    0x08004218   0x08004218   0x00000088   Code   RO         1425    i.LL_FillBuffer     stm32746g_discovery_lcd.o
    0x080042a0   0x080042a0   0x00000210   Code   RO         4976    i.LTDC_SetConfig    stm32f7xx_hal_ltdc.o
    0x080044b0   0x080044b0   0x00000094   Code   RO         9198    i.MPU_Config        main.o
    0x08004544   0x08004544   0x00000004   Code   RO         9521    i.MemManage_Handler  stm32f7xx_it.o
    0x08004548   0x08004548   0x00000002   Code   RO         9522    i.NMI_Handler       stm32f7xx_it.o
    0x0800454a   0x0800454a   0x00000002   PAD
    0x0800454c   0x0800454c   0x00000054   Code   RO         9199    i.Netif_Config      main.o
    0x080045a0   0x080045a0   0x00000040   Code   RO         9200    i.StartThread       main.o
    0x080045e0   0x080045e0   0x00000008   Code   RO         9523    i.SysTick_Handler   stm32f7xx_it.o
    0x080045e8   0x080045e8   0x00000068   Code   RO         9201    i.SystemClock_Config  main.o
    0x08004650   0x08004650   0x00000064   Code   RO         8637    i.SystemInit        system_stm32f7xx.o
    0x080046b4   0x080046b4   0x00000010   Code   RO         9434    i.TIM6_DAC_IRQHandler  stm32f7xx_hal_timebase_tim.o
    0x080046c4   0x080046c4   0x000000d8   Code   RO         2875    i.TIM_Base_SetConfig  stm32f7xx_hal_tim.o
    0x0800479c   0x0800479c   0x00000004   Code   RO         9524    i.UsageFault_Handler  stm32f7xx_it.o
    0x080047a0   0x080047a0   0x00000064   Code   RO         9482    i.User_notification  app_ethernet.o
    0x08004804   0x08004804   0x00000020   Code   RO         9733    i.__0printf$3       mc_w.l(printf3.o)
    0x08004824   0x08004824   0x00000028   Code   RO         9735    i.__0sprintf$3      mc_w.l(printf3.o)
    0x0800484c   0x0800484c   0x00000010   Code   RO         5212    i.__NVIC_GetPriorityGrouping  stm32f7xx_hal_cortex.o
    0x0800485c   0x0800485c   0x00000028   Code   RO         5213    i.__NVIC_SetPriority  stm32f7xx_hal_cortex.o
    0x08004884   0x08004884   0x0000000e   Code   RO         9960    i.__scatterload_copy  mc_w.l(handlers.o)
    0x08004892   0x08004892   0x00000002   Code   RO         9961    i.__scatterload_null  mc_w.l(handlers.o)
    0x08004894   0x08004894   0x0000000e   Code   RO         9962    i.__scatterload_zeroinit  mc_w.l(handlers.o)
    0x080048a2   0x080048a2   0x00000002   PAD
    0x080048a4   0x080048a4   0x000001b8   Code   RO         9740    i._printf_core      mc_w.l(printf3.o)
    0x08004a5c   0x08004a5c   0x0000000a   Code   RO         9742    i._sputc            mc_w.l(printf3.o)
    0x08004a66   0x08004a66   0x00000002   PAD
    0x08004a68   0x08004a68   0x0000016c   Code   RO          860    i.accept_function   api_msg.o
    0x08004bd4   0x08004bd4   0x00000078   Code   RO         8980    i.dhcp_arp_reply    dhcp.o
    0x08004c4c   0x08004c4c   0x00000184   Code   RO         8981    i.dhcp_bind         dhcp.o
    0x08004dd0   0x08004dd0   0x0000003e   Code   RO         8982    i.dhcp_check        dhcp.o
    0x08004e0e   0x08004e0e   0x00000002   PAD
    0x08004e10   0x08004e10   0x00000068   Code   RO         8984    i.dhcp_coarse_tmr   dhcp.o
    0x08004e78   0x08004e78   0x000001e8   Code   RO         8985    i.dhcp_create_msg   dhcp.o
    0x08005060   0x08005060   0x00000098   Code   RO         8986    i.dhcp_dec_pcb_refcount  dhcp.o
    0x080050f8   0x080050f8   0x000000b0   Code   RO         8987    i.dhcp_decline      dhcp.o
    0x080051a8   0x080051a8   0x00000100   Code   RO         8988    i.dhcp_discover     dhcp.o
    0x080052a8   0x080052a8   0x00000038   Code   RO         8989    i.dhcp_fine_tmr     dhcp.o
    0x080052e0   0x080052e0   0x00000080   Code   RO         8990    i.dhcp_handle_ack   dhcp.o
    0x08005360   0x08005360   0x00000028   Code   RO         8991    i.dhcp_handle_nak   dhcp.o
    0x08005388   0x08005388   0x00000030   Code   RO         8992    i.dhcp_handle_offer  dhcp.o
    0x080053b8   0x080053b8   0x000000e0   Code   RO         8993    i.dhcp_inc_pcb_refcount  dhcp.o
    0x08005498   0x08005498   0x00000070   Code   RO         8996    i.dhcp_option       dhcp.o
    0x08005508   0x08005508   0x00000094   Code   RO         8997    i.dhcp_option_byte  dhcp.o
    0x0800559c   0x0800559c   0x000000bc   Code   RO         8998    i.dhcp_option_long  dhcp.o
    0x08005658   0x08005658   0x000000a4   Code   RO         8999    i.dhcp_option_short  dhcp.o
    0x080056fc   0x080056fc   0x0000003a   Code   RO         9000    i.dhcp_option_trailer  dhcp.o
    0x08005736   0x08005736   0x00000002   PAD
    0x08005738   0x08005738   0x000004ea   Code   RO         9001    i.dhcp_parse_reply  dhcp.o
    0x08005c22   0x08005c22   0x00000002   PAD
    0x08005c24   0x08005c24   0x000000f4   Code   RO         9002    i.dhcp_rebind       dhcp.o
    0x08005d18   0x08005d18   0x00000118   Code   RO         9003    i.dhcp_reboot       dhcp.o
    0x08005e30   0x08005e30   0x00000128   Code   RO         9004    i.dhcp_recv         dhcp.o
    0x08005f58   0x08005f58   0x000000c8   Code   RO         9006    i.dhcp_release_and_stop  dhcp.o
    0x08006020   0x08006020   0x000000f0   Code   RO         9007    i.dhcp_renew        dhcp.o
    0x08006110   0x08006110   0x000001f8   Code   RO         9008    i.dhcp_select       dhcp.o
    0x08006308   0x08006308   0x00000010   Code   RO         9009    i.dhcp_set_state    dhcp.o
    0x08006318   0x08006318   0x00000120   Code   RO         9011    i.dhcp_start        dhcp.o
    0x08006438   0x08006438   0x0000000c   Code   RO         9012    i.dhcp_stop         dhcp.o
    0x08006444   0x08006444   0x00000028   Code   RO         9013    i.dhcp_supplied_address  dhcp.o
    0x0800646c   0x0800646c   0x00000042   Code   RO         9014    i.dhcp_t1_timeout   dhcp.o
    0x080064ae   0x080064ae   0x00000048   Code   RO         9015    i.dhcp_t2_timeout   dhcp.o
    0x080064f6   0x080064f6   0x00000074   Code   RO         9016    i.dhcp_timeout      dhcp.o
    0x0800656a   0x0800656a   0x00000002   PAD
    0x0800656c   0x0800656c   0x000000cc   Code   RO         5952    i.do_memp_free_pool  memp.o
    0x08006638   0x08006638   0x000000d8   Code   RO         5953    i.do_memp_malloc_pool  memp.o
    0x08006710   0x08006710   0x00000078   Code   RO         8079    i.eTaskGetState     tasks.o
    0x08006788   0x08006788   0x000001d0   Code   RO          861    i.err_tcp           api_msg.o
    0x08006958   0x08006958   0x00000038   Code   RO         8670    i.etharp_cleanup_netif  etharp.o
    0x08006990   0x08006990   0x000002cc   Code   RO         8672    i.etharp_find_entry  etharp.o
    0x08006c5c   0x08006c5c   0x00000040   Code   RO         8673    i.etharp_free_entry  etharp.o
    0x08006c9c   0x08006c9c   0x0000010c   Code   RO         8675    i.etharp_input      etharp.o
    0x08006da8   0x08006da8   0x000001ec   Code   RO         8676    i.etharp_output     etharp.o
    0x08006f94   0x08006f94   0x00000134   Code   RO         8677    i.etharp_output_to_arp_index  etharp.o
    0x080070c8   0x080070c8   0x00000270   Code   RO         8678    i.etharp_query      etharp.o
    0x08007338   0x08007338   0x00000154   Code   RO         8679    i.etharp_raw        etharp.o
    0x0800748c   0x0800748c   0x00000018   Code   RO         8680    i.etharp_request    etharp.o
    0x080074a4   0x080074a4   0x0000002c   Code   RO         8681    i.etharp_request_dst  etharp.o
    0x080074d0   0x080074d0   0x000000dc   Code   RO         8682    i.etharp_tmr        etharp.o
    0x080075ac   0x080075ac   0x00000128   Code   RO         8683    i.etharp_update_arp_entry  etharp.o
    0x080076d4   0x080076d4   0x000000c4   Code   RO         8598    i.ethernet_input    ethernet.o
    0x08007798   0x08007798   0x000000d0   Code   RO         8599    i.ethernet_output   ethernet.o
    0x08007868   0x08007868   0x00000090   Code   RO         9350    i.ethernetif_init   ethernetif.o
    0x080078f8   0x080078f8   0x0000004c   Code   RO         9351    i.ethernetif_input  ethernetif.o
    0x08007944   0x08007944   0x00000178   Code   RO           12    i.fputc             lcd_log.o
    0x08007abc   0x08007abc   0x00000002   Code   RO         7284    i.fs_close          fs.o
    0x08007abe   0x08007abe   0x00000002   PAD
    0x08007ac0   0x08007ac0   0x00000044   Code   RO         7285    i.fs_open           fs.o
    0x08007b04   0x08007b04   0x00000024   Code   RO         9302    i.http_server_netconn_init  httpserver-netconn.o
    0x08007b28   0x08007b28   0x00000046   Code   RO         9303    i.http_server_netconn_thread  httpserver-netconn.o
    0x08007b6e   0x08007b6e   0x00000002   PAD
    0x08007b70   0x08007b70   0x000001e4   Code   RO         9304    i.http_server_serve  httpserver-netconn.o
    0x08007d54   0x08007d54   0x00000012   Code   RO         8764    i.icmp_dest_unreach  icmp.o
    0x08007d66   0x08007d66   0x00000002   PAD
    0x08007d68   0x08007d68   0x0000024c   Code   RO         8765    i.icmp_input        icmp.o
    0x08007fb4   0x08007fb4   0x000000e8   Code   RO         8766    i.icmp_send_response  icmp.o
    0x0800809c   0x0800809c   0x00000012   Code   RO         8767    i.icmp_time_exceeded  icmp.o
    0x080080ae   0x080080ae   0x00000010   Code   RO         7463    i.inHandlerMode     cmsis_os.o
    0x080080be   0x080080be   0x00000056   Code   RO         7007    i.inet_chksum_pbuf  inet_chksum.o
    0x08008114   0x08008114   0x0000004e   Code   RO         8847    i.ip4_addr_isbroadcast_u32  ip4_addr.o
    0x08008162   0x08008162   0x00000002   PAD
    0x08008164   0x08008164   0x00000294   Code   RO         8904    i.ip4_frag          ip4_frag.o
    0x080083f8   0x080083f8   0x000001c8   Code   RO         8803    i.ip4_input         ip4.o
    0x080085c0   0x080085c0   0x00000034   Code   RO         8804    i.ip4_input_accept  ip4.o
    0x080085f4   0x080085f4   0x00000036   Code   RO         8806    i.ip4_output_if     ip4.o
    0x0800862a   0x0800862a   0x00000002   PAD
    0x0800862c   0x0800862c   0x0000016c   Code   RO         8807    i.ip4_output_if_src  ip4.o
    0x08008798   0x08008798   0x000002c4   Code   RO         8905    i.ip4_reass         ip4_frag.o
    0x08008a5c   0x08008a5c   0x00000094   Code   RO         8808    i.ip4_route         ip4.o
    0x08008af0   0x08008af0   0x00000014   Code   RO         8850    i.ip4addr_ntoa      ip4_addr.o
    0x08008b04   0x08008b04   0x000000a8   Code   RO         8851    i.ip4addr_ntoa_r    ip4_addr.o
    0x08008bac   0x08008bac   0x0000000a   Code   RO         8906    i.ip_frag_alloc_pbuf_custom_ref  ip4_frag.o
    0x08008bb6   0x08008bb6   0x00000002   PAD
    0x08008bb8   0x08008bb8   0x00000060   Code   RO         8907    i.ip_frag_free_pbuf_custom_ref  ip4_frag.o
    0x08008c18   0x08008c18   0x000002c8   Code   RO         8908    i.ip_reass_chain_frag_into_datagram_and_validate  ip4_frag.o
    0x08008ee0   0x08008ee0   0x00000088   Code   RO         8909    i.ip_reass_dequeue_datagram  ip4_frag.o
    0x08008f68   0x08008f68   0x00000054   Code   RO         8910    i.ip_reass_enqueue_new_datagram  ip4_frag.o
    0x08008fbc   0x08008fbc   0x000001a8   Code   RO         8911    i.ip_reass_free_complete_datagram  ip4_frag.o
    0x08009164   0x08009164   0x00000088   Code   RO         8912    i.ip_reass_remove_oldest_datagram  ip4_frag.o
    0x080091ec   0x080091ec   0x00000034   Code   RO         8913    i.ip_reass_tmr      ip4_frag.o
    0x08009220   0x08009220   0x00000090   Code   RO         8914    i.ipfrag_free_pbuf_custom  ip4_frag.o
    0x080092b0   0x080092b0   0x000000ec   Code   RO         9352    i.low_level_init    ethernetif.o
    0x0800939c   0x0800939c   0x00000104   Code   RO         9353    i.low_level_input   ethernetif.o
    0x080094a0   0x080094a0   0x000000e8   Code   RO         9354    i.low_level_output  ethernetif.o
    0x08009588   0x08009588   0x00000050   Code   RO         5638    i.lwip_cyclic_timer  timeouts.o
    0x080095d8   0x080095d8   0x0000001a   Code   RO         5898    i.lwip_htonl        def.o
    0x080095f2   0x080095f2   0x0000000c   Code   RO         5899    i.lwip_htons        def.o
    0x080095fe   0x080095fe   0x00000002   PAD
    0x08009600   0x08009600   0x000000b0   Code   RO         6065    i.lwip_init         init.o
    0x080096b0   0x080096b0   0x0000004c   Code   RO          862    i.lwip_netconn_do_bind  api_msg.o
    0x080096fc   0x080096fc   0x0000012c   Code   RO          864    i.lwip_netconn_do_close  api_msg.o
    0x08009828   0x08009828   0x00000328   Code   RO          865    i.lwip_netconn_do_close_internal  api_msg.o
    0x08009b50   0x08009b50   0x000001f0   Code   RO          868    i.lwip_netconn_do_delconn  api_msg.o
    0x08009d40   0x08009d40   0x000000e0   Code   RO          871    i.lwip_netconn_do_listen  api_msg.o
    0x08009e20   0x08009e20   0x00000018   Code   RO          872    i.lwip_netconn_do_newconn  api_msg.o
    0x08009e38   0x08009e38   0x00000048   Code   RO          873    i.lwip_netconn_do_recv  api_msg.o
    0x08009e80   0x08009e80   0x0000014c   Code   RO          875    i.lwip_netconn_do_write  api_msg.o
    0x08009fcc   0x08009fcc   0x000003ec   Code   RO          876    i.lwip_netconn_do_writemore  api_msg.o
    0x0800a3b8   0x0800a3b8   0x00000084   Code   RO          877    i.lwip_netconn_err_to_msg  api_msg.o
    0x0800a43c   0x0800a43c   0x00000090   Code   RO          878    i.lwip_netconn_is_err_msg  api_msg.o
    0x0800a4cc   0x0800a4cc   0x0000005e   Code   RO         7014    i.lwip_standard_chksum  inet_chksum.o
    0x0800a52a   0x0800a52a   0x00000002   PAD
    0x0800a52c   0x0800a52c   0x00000030   Code   RO         9202    i.main              main.o
    0x0800a55c   0x0800a55c   0x0000000e   Code   RO         7465    i.makeFreeRtosPriority  cmsis_os.o
    0x0800a56a   0x0800a56a   0x00000002   PAD
    0x0800a56c   0x0800a56c   0x00000220   Code   RO         6937    i.mem_free          mem.o
    0x0800a78c   0x0800a78c   0x00000104   Code   RO         6938    i.mem_init          mem.o
    0x0800a890   0x0800a890   0x00000058   Code   RO         6939    i.mem_link_valid    mem.o
    0x0800a8e8   0x0800a8e8   0x000002d0   Code   RO         6940    i.mem_malloc        mem.o
    0x0800abb8   0x0800abb8   0x00000010   Code   RO         6941    i.mem_to_ptr        mem.o
    0x0800abc8   0x0800abc8   0x00000260   Code   RO         6942    i.mem_trim          mem.o
    0x0800ae28   0x0800ae28   0x000000c0   Code   RO         5954    i.memp_free         memp.o
    0x0800aee8   0x0800aee8   0x00000020   Code   RO         5956    i.memp_init         memp.o
    0x0800af08   0x0800af08   0x0000002c   Code   RO         5957    i.memp_init_pool    memp.o
    0x0800af34   0x0800af34   0x000000c0   Code   RO         5958    i.memp_malloc       memp.o
    0x0800aff4   0x0800aff4   0x0000013c   Code   RO          335    i.netbuf_data       netbuf.o
    0x0800b130   0x0800b130   0x00000020   Code   RO          336    i.netbuf_delete     netbuf.o
    0x0800b150   0x0800b150   0x00000138   Code   RO          437    i.netconn_accept    api_lib.o
    0x0800b288   0x0800b288   0x000000f0   Code   RO          879    i.netconn_alloc     api_msg.o
    0x0800b378   0x0800b378   0x00000022   Code   RO          438    i.netconn_apimsg    api_lib.o
    0x0800b39a   0x0800b39a   0x00000002   PAD
    0x0800b39c   0x0800b39c   0x00000094   Code   RO          439    i.netconn_bind      api_lib.o
    0x0800b430   0x0800b430   0x0000000e   Code   RO          441    i.netconn_close     api_lib.o
    0x0800b43e   0x0800b43e   0x00000002   PAD
    0x0800b440   0x0800b440   0x00000090   Code   RO          442    i.netconn_close_shutdown  api_lib.o
    0x0800b4d0   0x0800b4d0   0x0000001e   Code   RO          444    i.netconn_delete    api_lib.o
    0x0800b4ee   0x0800b4ee   0x000000aa   Code   RO          880    i.netconn_drain     api_msg.o
    0x0800b598   0x0800b598   0x00000022   Code   RO          446    i.netconn_err       api_lib.o
    0x0800b5ba   0x0800b5ba   0x00000002   PAD
    0x0800b5bc   0x0800b5bc   0x0000014c   Code   RO          881    i.netconn_free      api_msg.o
    0x0800b708   0x0800b708   0x00000088   Code   RO          448    i.netconn_listen_with_backlog  api_lib.o
    0x0800b790   0x0800b790   0x00000174   Code   RO          449    i.netconn_new_with_proto_and_callback  api_lib.o
    0x0800b904   0x0800b904   0x00000030   Code   RO          450    i.netconn_prepare_delete  api_lib.o
    0x0800b934   0x0800b934   0x0000012c   Code   RO          451    i.netconn_recv      api_lib.o
    0x0800ba60   0x0800ba60   0x000001a4   Code   RO          452    i.netconn_recv_data  api_lib.o
    0x0800bc04   0x0800bc04   0x000000bc   Code   RO          453    i.netconn_recv_data_tcp  api_lib.o
    0x0800bcc0   0x0800bcc0   0x00000094   Code   RO          462    i.netconn_tcp_recvd_msg  api_lib.o
    0x0800bd54   0x0800bd54   0x00000028   Code   RO          463    i.netconn_write_partly  api_lib.o
    0x0800bd7c   0x0800bd7c   0x000001ac   Code   RO          464    i.netconn_write_vectors_partly  api_lib.o
    0x0800bf28   0x0800bf28   0x0000023c   Code   RO         6315    i.netif_add         netif.o
    0x0800c164   0x0800c164   0x00000018   Code   RO         6317    i.netif_do_ip_addr_changed  netif.o
    0x0800c17c   0x0800c17c   0x00000026   Code   RO         6318    i.netif_do_set_gw   netif.o
    0x0800c1a2   0x0800c1a2   0x00000002   PAD
    0x0800c1a4   0x0800c1a4   0x000000f0   Code   RO         6319    i.netif_do_set_ipaddr  netif.o
    0x0800c294   0x0800c294   0x00000026   Code   RO         6320    i.netif_do_set_netmask  netif.o
    0x0800c2ba   0x0800c2ba   0x00000002   PAD
    0x0800c2bc   0x0800c2bc   0x00000028   Code   RO         6322    i.netif_get_by_index  netif.o
    0x0800c2e4   0x0800c2e4   0x00000002   Code   RO         6324    i.netif_init        netif.o
    0x0800c2e6   0x0800c2e6   0x00000002   PAD
    0x0800c2e8   0x0800c2e8   0x000000e4   Code   RO         6326    i.netif_issue_reports  netif.o
    0x0800c3cc   0x0800c3cc   0x00000008   Code   RO         6328    i.netif_null_output_ip4  netif.o
    0x0800c3d4   0x0800c3d4   0x00000060   Code   RO         6330    i.netif_set_addr    netif.o
    0x0800c434   0x0800c434   0x0000000c   Code   RO         6331    i.netif_set_default  netif.o
    0x0800c440   0x0800c440   0x000000d8   Code   RO         6332    i.netif_set_down    netif.o
    0x0800c518   0x0800c518   0x000000cc   Code   RO         6339    i.netif_set_up      netif.o
    0x0800c5e4   0x0800c5e4   0x00000018   Code   RO         7467    i.osDelay           cmsis_os.o
    0x0800c5fc   0x0800c5fc   0x0000000a   Code   RO         7470    i.osKernelStart     cmsis_os.o
    0x0800c606   0x0800c606   0x00000014   Code   RO         7471    i.osKernelSysTick   cmsis_os.o
    0x0800c61a   0x0800c61a   0x00000012   Code   RO         7479    i.osMessageCreate   cmsis_os.o
    0x0800c62c   0x0800c62c   0x00000018   Code   RO         7480    i.osMessageDelete   cmsis_os.o
    0x0800c644   0x0800c644   0x0000009c   Code   RO         7481    i.osMessageGet      cmsis_os.o
    0x0800c6e0   0x0800c6e0   0x00000060   Code   RO         7483    i.osMessagePut      cmsis_os.o
    0x0800c740   0x0800c740   0x0000001a   Code   RO         7484    i.osMessageWaiting  cmsis_os.o
    0x0800c75a   0x0800c75a   0x0000000c   Code   RO         7485    i.osMutexCreate     cmsis_os.o
    0x0800c766   0x0800c766   0x00000002   PAD
    0x0800c768   0x0800c768   0x00000050   Code   RO         7487    i.osMutexRelease    cmsis_os.o
    0x0800c7b8   0x0800c7b8   0x00000068   Code   RO         7488    i.osMutexWait       cmsis_os.o
    0x0800c820   0x0800c820   0x00000032   Code   RO         7496    i.osSemaphoreCreate  cmsis_os.o
    0x0800c852   0x0800c852   0x00000018   Code   RO         7497    i.osSemaphoreDelete  cmsis_os.o
    0x0800c86a   0x0800c86a   0x00000002   PAD
    0x0800c86c   0x0800c86c   0x00000050   Code   RO         7499    i.osSemaphoreRelease  cmsis_os.o
    0x0800c8bc   0x0800c8bc   0x00000068   Code   RO         7500    i.osSemaphoreWait   cmsis_os.o
    0x0800c924   0x0800c924   0x00000010   Code   RO         7503    i.osSystickHandler  cmsis_os.o
    0x0800c934   0x0800c934   0x00000030   Code   RO         7504    i.osThreadCreate    cmsis_os.o
    0x0800c964   0x0800c964   0x0000000e   Code   RO         7507    i.osThreadList      cmsis_os.o
    0x0800c972   0x0800c972   0x0000000e   Code   RO         7513    i.osThreadTerminate  cmsis_os.o
    0x0800c980   0x0800c980   0x00000012   Code   RO         6109    i.pbuf_add_header   pbuf.o
    0x0800c992   0x0800c992   0x00000002   PAD
    0x0800c994   0x0800c994   0x000000f8   Code   RO         6111    i.pbuf_add_header_impl  pbuf.o
    0x0800ca8c   0x0800ca8c   0x000002b0   Code   RO         6112    i.pbuf_alloc        pbuf.o
    0x0800cd3c   0x0800cd3c   0x000000cc   Code   RO         6113    i.pbuf_alloc_reference  pbuf.o
    0x0800ce08   0x0800ce08   0x00000052   Code   RO         6114    i.pbuf_alloced_custom  pbuf.o
    0x0800ce5a   0x0800ce5a   0x00000002   PAD
    0x0800ce5c   0x0800ce5c   0x00000160   Code   RO         6115    i.pbuf_cat          pbuf.o
    0x0800cfbc   0x0800cfbc   0x00000016   Code   RO         6116    i.pbuf_chain        pbuf.o
    0x0800cfd2   0x0800cfd2   0x00000012   Code   RO         6117    i.pbuf_clen         pbuf.o
    0x0800cfe4   0x0800cfe4   0x000000c4   Code   RO         6118    i.pbuf_clone        pbuf.o
    0x0800d0a8   0x0800d0a8   0x0000023c   Code   RO         6120    i.pbuf_copy         pbuf.o
    0x0800d2e4   0x0800d2e4   0x00000150   Code   RO         6121    i.pbuf_copy_partial  pbuf.o
    0x0800d434   0x0800d434   0x000001b8   Code   RO         6123    i.pbuf_free         pbuf.o
    0x0800d5ec   0x0800d5ec   0x00000012   Code   RO         6128    i.pbuf_header_force  pbuf.o
    0x0800d5fe   0x0800d5fe   0x00000022   Code   RO         6129    i.pbuf_header_impl  pbuf.o
    0x0800d620   0x0800d620   0x0000001e   Code   RO         6130    i.pbuf_init_alloced_pbuf  pbuf.o
    0x0800d63e   0x0800d63e   0x00000002   PAD
    0x0800d640   0x0800d640   0x0000017c   Code   RO         6134    i.pbuf_realloc      pbuf.o
    0x0800d7bc   0x0800d7bc   0x000000b8   Code   RO         6135    i.pbuf_ref          pbuf.o
    0x0800d874   0x0800d874   0x00000104   Code   RO         6136    i.pbuf_remove_header  pbuf.o
    0x0800d978   0x0800d978   0x000000dc   Code   RO          882    i.pcb_new           api_msg.o
    0x0800da54   0x0800da54   0x000001e8   Code   RO         6943    i.plug_holes        mem.o
    0x0800dc3c   0x0800dc3c   0x000000d4   Code   RO          883    i.poll_tcp          api_msg.o
    0x0800dd10   0x0800dd10   0x00000080   Code   RO         8081    i.prvAddCurrentTaskToDelayedList  tasks.o
    0x0800dd90   0x0800dd90   0x000000b8   Code   RO         8082    i.prvAddNewTaskToReadyList  tasks.o
    0x0800de48   0x0800de48   0x00000048   Code   RO         8083    i.prvCheckTasksWaitingTermination  tasks.o
    0x0800de90   0x0800de90   0x0000002a   Code   RO         7860    i.prvCopyDataFromQueue  queue.o
    0x0800deba   0x0800deba   0x0000007e   Code   RO         7861    i.prvCopyDataToQueue  queue.o
    0x0800df38   0x0800df38   0x00000012   Code   RO         8084    i.prvDeleteTCB      tasks.o
    0x0800df4a   0x0800df4a   0x00000014   Code   RO         7862    i.prvGetDisinheritPriorityAfterTimeout  queue.o
    0x0800df5e   0x0800df5e   0x00000002   PAD
    0x0800df60   0x0800df60   0x0000007c   Code   RO         7399    i.prvHeapInit       heap_4.o
    0x0800dfdc   0x0800dfdc   0x00000028   Code   RO         8085    i.prvIdleTask       tasks.o
    0x0800e004   0x0800e004   0x0000001e   Code   RO         7863    i.prvInitialiseMutex  queue.o
    0x0800e022   0x0800e022   0x0000002a   Code   RO         7864    i.prvInitialiseNewQueue  queue.o
    0x0800e04c   0x0800e04c   0x000000c2   Code   RO         8086    i.prvInitialiseNewTask  tasks.o
    0x0800e10e   0x0800e10e   0x00000002   PAD
    0x0800e110   0x0800e110   0x0000005c   Code   RO         8087    i.prvInitialiseTaskLists  tasks.o
    0x0800e16c   0x0800e16c   0x00000068   Code   RO         7400    i.prvInsertBlockIntoFreeList  heap_4.o
    0x0800e1d4   0x0800e1d4   0x0000001a   Code   RO         7865    i.prvIsQueueEmpty   queue.o
    0x0800e1ee   0x0800e1ee   0x0000001e   Code   RO         7866    i.prvIsQueueFull    queue.o
    0x0800e20c   0x0800e20c   0x0000006a   Code   RO         8088    i.prvListTasksWithinSingleList  tasks.o
    0x0800e276   0x0800e276   0x00000002   PAD
    0x0800e278   0x0800e278   0x00000034   Code   RO         8089    i.prvResetNextTaskUnblockTime  tasks.o
    0x0800e2ac   0x0800e2ac   0x00000016   Code   RO         8090    i.prvTaskCheckFreeStackSpace  tasks.o
    0x0800e2c2   0x0800e2c2   0x00000002   PAD
    0x0800e2c4   0x0800e2c4   0x00000048   Code   RO         7320    i.prvTaskExitError  port.o
    0x0800e30c   0x0800e30c   0x0000007e   Code   RO         7867    i.prvUnlockQueue    queue.o
    0x0800e38a   0x0800e38a   0x0000002a   Code   RO         8091    i.prvWriteNameToBuffer  tasks.o
    0x0800e3b4   0x0800e3b4   0x00000010   Code   RO         6944    i.ptr_to_mem        mem.o
    0x0800e3c4   0x0800e3c4   0x00000148   Code   RO         7401    i.pvPortMalloc      heap_4.o
    0x0800e50c   0x0800e50c   0x00000020   Code   RO         8092    i.pvTaskIncrementMutexHeldCount  tasks.o
    0x0800e52c   0x0800e52c   0x0000002c   Code   RO         7321    i.pxPortInitialiseStack  port.o
    0x0800e558   0x0800e558   0x00000180   Code   RO          884    i.recv_tcp          api_msg.o
    0x0800e6d8   0x0800e6d8   0x00000160   Code   RO          885    i.recv_udp          api_msg.o
    0x0800e838   0x0800e838   0x000000bc   Code   RO          886    i.sent_tcp          api_msg.o
    0x0800e8f4   0x0800e8f4   0x00000044   Code   RO          887    i.setup_tcp         api_msg.o
    0x0800e938   0x0800e938   0x0000005e   Code   RO         8444    i.sys_arch_mbox_fetch  sys_arch.o
    0x0800e996   0x0800e996   0x00000030   Code   RO         8445    i.sys_arch_mbox_tryfetch  sys_arch.o
    0x0800e9c6   0x0800e9c6   0x00000002   PAD
    0x0800e9c8   0x0800e9c8   0x00000018   Code   RO         8446    i.sys_arch_protect  sys_arch.o
    0x0800e9e0   0x0800e9e0   0x0000003e   Code   RO         8447    i.sys_arch_sem_wait  sys_arch.o
    0x0800ea1e   0x0800ea1e   0x00000002   PAD
    0x0800ea20   0x0800ea20   0x00000014   Code   RO         8448    i.sys_arch_unprotect  sys_arch.o
    0x0800ea34   0x0800ea34   0x00000054   Code   RO         5639    i.sys_check_timeouts  timeouts.o
    0x0800ea88   0x0800ea88   0x00000018   Code   RO         8449    i.sys_init          sys_arch.o
    0x0800eaa0   0x0800eaa0   0x00000012   Code   RO         8450    i.sys_mbox_free     sys_arch.o
    0x0800eab2   0x0800eab2   0x00000002   PAD
    0x0800eab4   0x0800eab4   0x0000002c   Code   RO         8451    i.sys_mbox_new      sys_arch.o
    0x0800eae0   0x0800eae0   0x00000006   Code   RO         8453    i.sys_mbox_set_invalid  sys_arch.o
    0x0800eae6   0x0800eae6   0x0000001e   Code   RO         8454    i.sys_mbox_trypost  sys_arch.o
    0x0800eb04   0x0800eb04   0x0000000e   Code   RO         8456    i.sys_mbox_valid    sys_arch.o
    0x0800eb12   0x0800eb12   0x00000010   Code   RO         8458    i.sys_mutex_lock    sys_arch.o
    0x0800eb22   0x0800eb22   0x0000001e   Code   RO         8459    i.sys_mutex_new     sys_arch.o
    0x0800eb40   0x0800eb40   0x0000000c   Code   RO         8460    i.sys_mutex_unlock  sys_arch.o
    0x0800eb4c   0x0800eb4c   0x00000008   Code   RO         9355    i.sys_now           ethernetif.o
    0x0800eb54   0x0800eb54   0x0000000c   Code   RO         8461    i.sys_sem_free      sys_arch.o
    0x0800eb60   0x0800eb60   0x0000002c   Code   RO         8462    i.sys_sem_new       sys_arch.o
    0x0800eb8c   0x0800eb8c   0x00000006   Code   RO         8463    i.sys_sem_set_invalid  sys_arch.o
    0x0800eb92   0x0800eb92   0x0000000c   Code   RO         8464    i.sys_sem_signal    sys_arch.o
    0x0800eb9e   0x0800eb9e   0x0000000e   Code   RO         8465    i.sys_sem_valid     sys_arch.o
    0x0800ebac   0x0800ebac   0x00000036   Code   RO         8466    i.sys_thread_new    sys_arch.o
    0x0800ebe2   0x0800ebe2   0x00000002   PAD
    0x0800ebe4   0x0800ebe4   0x000000a0   Code   RO         5641    i.sys_timeout       timeouts.o
    0x0800ec84   0x0800ec84   0x00000110   Code   RO         5642    i.sys_timeout_abs   timeouts.o
    0x0800ed94   0x0800ed94   0x00000028   Code   RO         5643    i.sys_timeouts_init  timeouts.o
    0x0800edbc   0x0800edbc   0x0000009c   Code   RO         5644    i.sys_timeouts_sleeptime  timeouts.o
    0x0800ee58   0x0800ee58   0x000001dc   Code   RO         6630    i.tcp_abandon       tcp.o
    0x0800f034   0x0800f034   0x0000000e   Code   RO         6631    i.tcp_abort         tcp.o
    0x0800f042   0x0800f042   0x00000010   Code   RO         6632    i.tcp_accept        tcp.o
    0x0800f052   0x0800f052   0x00000002   PAD
    0x0800f054   0x0800f054   0x000000b8   Code   RO         6633    i.tcp_accept_null   tcp.o
    0x0800f10c   0x0800f10c   0x000000bc   Code   RO         6634    i.tcp_alloc         tcp.o
    0x0800f1c8   0x0800f1c8   0x00000006   Code   RO         6635    i.tcp_arg           tcp.o
    0x0800f1ce   0x0800f1ce   0x00000002   PAD
    0x0800f1d0   0x0800f1d0   0x00000180   Code   RO         6636    i.tcp_bind          tcp.o
    0x0800f350   0x0800f350   0x000000c0   Code   RO         6638    i.tcp_close         tcp.o
    0x0800f410   0x0800f410   0x00000220   Code   RO         6639    i.tcp_close_shutdown  tcp.o
    0x0800f630   0x0800f630   0x000000fc   Code   RO         6640    i.tcp_close_shutdown_fin  tcp.o
    0x0800f72c   0x0800f72c   0x000001a0   Code   RO         6489    i.tcp_create_segment  tcp_out.o
    0x0800f8cc   0x0800f8cc   0x000000e4   Code   RO         6643    i.tcp_eff_send_mss_netif  tcp.o
    0x0800f9b0   0x0800f9b0   0x00000290   Code   RO         6490    i.tcp_enqueue_flags  tcp_out.o
    0x0800fc40   0x0800fc40   0x000000bc   Code   RO         6644    i.tcp_err           tcp.o
    0x0800fcfc   0x0800fcfc   0x0000009c   Code   RO         6645    i.tcp_fasttmr       tcp.o
    0x0800fd98   0x0800fd98   0x000000a4   Code   RO         6646    i.tcp_free          tcp.o
    0x0800fe3c   0x0800fe3c   0x00000128   Code   RO         7068    i.tcp_free_acked_segments  tcp_in.o
    0x0800ff64   0x0800ff64   0x000000ac   Code   RO         6647    i.tcp_free_listen   tcp.o
    0x08010010   0x08010010   0x00000048   Code   RO         7069    i.tcp_get_next_optbyte  tcp_in.o
    0x08010058   0x08010058   0x00000034   Code   RO         6648    i.tcp_handle_closepend  tcp.o
    0x0801008c   0x0801008c   0x00000018   Code   RO         6649    i.tcp_init          tcp.o
    0x080100a4   0x080100a4   0x000007f4   Code   RO         7070    i.tcp_input         tcp_in.o
    0x08010898   0x08010898   0x000000b8   Code   RO         7071    i.tcp_input_delayed_close  tcp_in.o
    0x08010950   0x08010950   0x000000a8   Code   RO         6491    i.tcp_keepalive     tcp_out.o
    0x080109f8   0x080109f8   0x00000068   Code   RO         6650    i.tcp_kill_prio     tcp.o
    0x08010a60   0x08010a60   0x000000e0   Code   RO         6651    i.tcp_kill_state    tcp.o
    0x08010b40   0x08010b40   0x0000003c   Code   RO         6652    i.tcp_kill_timewait  tcp.o
    0x08010b7c   0x08010b7c   0x000000e4   Code   RO         6653    i.tcp_listen_closed  tcp.o
    0x08010c60   0x08010c60   0x000001c0   Code   RO         7072    i.tcp_listen_input  tcp_in.o
    0x08010e20   0x08010e20   0x000001d4   Code   RO         6655    i.tcp_listen_with_backlog_and_err  tcp.o
    0x08010ff4   0x08010ff4   0x0000004c   Code   RO         6656    i.tcp_netif_ip_addr_changed  tcp.o
    0x08011040   0x08011040   0x000000e0   Code   RO         6657    i.tcp_netif_ip_addr_changed_pcblist  tcp.o
    0x08011120   0x08011120   0x00000010   Code   RO         6659    i.tcp_new_ip_type   tcp.o
    0x08011130   0x08011130   0x00000068   Code   RO         6660    i.tcp_new_port      tcp.o
    0x08011198   0x08011198   0x000000c0   Code   RO         6661    i.tcp_next_iss      tcp.o
    0x08011258   0x08011258   0x00000334   Code   RO         6492    i.tcp_output        tcp_out.o
    0x0801158c   0x0801158c   0x000000a8   Code   RO         6493    i.tcp_output_alloc_header  tcp_out.o
    0x08011634   0x08011634   0x000000f4   Code   RO         6494    i.tcp_output_alloc_header_common  tcp_out.o
    0x08011728   0x08011728   0x000000c8   Code   RO         6495    i.tcp_output_control_segment  tcp_out.o
    0x080117f0   0x080117f0   0x000000f4   Code   RO         6496    i.tcp_output_fill_options  tcp_out.o
    0x080118e4   0x080118e4   0x00000218   Code   RO         6497    i.tcp_output_segment  tcp_out.o
    0x08011afc   0x08011afc   0x00000080   Code   RO         6498    i.tcp_output_segment_busy  tcp_out.o
    0x08011b7c   0x08011b7c   0x00000100   Code   RO         7073    i.tcp_parseopt      tcp_in.o
    0x08011c7c   0x08011c7c   0x00000144   Code   RO         6499    i.tcp_pbuf_prealloc  tcp_out.o
    0x08011dc0   0x08011dc0   0x000000e4   Code   RO         6662    i.tcp_pcb_purge     tcp.o
    0x08011ea4   0x08011ea4   0x000001b4   Code   RO         6663    i.tcp_pcb_remove    tcp.o
    0x08012058   0x08012058   0x000000ec   Code   RO         6664    i.tcp_poll          tcp.o
    0x08012144   0x08012144   0x000006fc   Code   RO         7074    i.tcp_process       tcp_in.o
    0x08012840   0x08012840   0x00000148   Code   RO         6665    i.tcp_process_refused_data  tcp.o
    0x08012988   0x08012988   0x000007a0   Code   RO         7075    i.tcp_receive       tcp_in.o
    0x08013128   0x08013128   0x000000bc   Code   RO         6666    i.tcp_recv          tcp.o
    0x080131e4   0x080131e4   0x000000d4   Code   RO         6667    i.tcp_recv_null     tcp.o
    0x080132b8   0x080132b8   0x00000130   Code   RO         6668    i.tcp_recved        tcp.o
    0x080133e8   0x080133e8   0x000000c4   Code   RO         6669    i.tcp_remove_listener  tcp.o
    0x080134ac   0x080134ac   0x000000d0   Code   RO         6500    i.tcp_rexmit        tcp_out.o
    0x0801357c   0x0801357c   0x000000d8   Code   RO         6501    i.tcp_rexmit_fast   tcp_out.o
    0x08013654   0x08013654   0x00000074   Code   RO         6502    i.tcp_rexmit_rto    tcp_out.o
    0x080136c8   0x080136c8   0x00000088   Code   RO         6503    i.tcp_rexmit_rto_commit  tcp_out.o
    0x08013750   0x08013750   0x000000e4   Code   RO         6504    i.tcp_rexmit_rto_prepare  tcp_out.o
    0x08013834   0x08013834   0x0000001e   Code   RO         6505    i.tcp_route         tcp_out.o
    0x08013852   0x08013852   0x00000002   PAD
    0x08013854   0x08013854   0x000000f4   Code   RO         6506    i.tcp_rst           tcp_out.o
    0x08013948   0x08013948   0x0000001a   Code   RO         6670    i.tcp_seg_free      tcp.o
    0x08013962   0x08013962   0x00000018   Code   RO         6671    i.tcp_segs_free     tcp.o
    0x0801397a   0x0801397a   0x00000002   PAD
    0x0801397c   0x0801397c   0x0000010c   Code   RO         6507    i.tcp_send_empty_ack  tcp_out.o
    0x08013a88   0x08013a88   0x000000b0   Code   RO         6508    i.tcp_send_fin      tcp_out.o
    0x08013b38   0x08013b38   0x000000bc   Code   RO         6672    i.tcp_sent          tcp.o
    0x08013bf4   0x08013bf4   0x0000010c   Code   RO         6674    i.tcp_shutdown      tcp.o
    0x08013d00   0x08013d00   0x00000720   Code   RO         6675    i.tcp_slowtmr       tcp.o
    0x08014420   0x08014420   0x0000029c   Code   RO         6509    i.tcp_split_unsent_seg  tcp_out.o
    0x080146bc   0x080146bc   0x00000038   Code   RO         5646    i.tcp_timer_needed  timeouts.o
    0x080146f4   0x080146f4   0x00000110   Code   RO         7076    i.tcp_timewait_input  tcp_in.o
    0x08014804   0x08014804   0x00000024   Code   RO         6677    i.tcp_tmr           tcp.o
    0x08014828   0x08014828   0x00000014   Code   RO         7077    i.tcp_trigger_input_pcb_close  tcp_in.o
    0x0801483c   0x0801483c   0x00000128   Code   RO         6679    i.tcp_update_rcv_ann_wnd  tcp.o
    0x08014964   0x08014964   0x000007ec   Code   RO         6510    i.tcp_write         tcp_out.o
    0x08015150   0x08015150   0x00000178   Code   RO         6511    i.tcp_write_checks  tcp_out.o
    0x080152c8   0x080152c8   0x0000013c   Code   RO         6512    i.tcp_zero_window_probe  tcp_out.o
    0x08015404   0x08015404   0x00000134   Code   RO          698    i.tcpip_init        tcpip.o
    0x08015538   0x08015538   0x000000dc   Code   RO          699    i.tcpip_inpkt       tcpip.o
    0x08015614   0x08015614   0x00000030   Code   RO          700    i.tcpip_input       tcpip.o
    0x08015644   0x08015644   0x00000020   Code   RO          701    i.tcpip_send_msg_wait_sem  tcpip.o
    0x08015664   0x08015664   0x00000038   Code   RO         5647    i.tcpip_tcp_timer   timeouts.o
    0x0801569c   0x0801569c   0x000000e0   Code   RO          702    i.tcpip_thread      tcpip.o
    0x0801577c   0x0801577c   0x000000e4   Code   RO          703    i.tcpip_thread_handle_msg  tcpip.o
    0x08015860   0x08015860   0x00000060   Code   RO          704    i.tcpip_timeouts_mbox_fetch  tcpip.o
    0x080158c0   0x080158c0   0x00000134   Code   RO         5748    i.udp_bind          udp.o
    0x080159f4   0x080159f4   0x00000144   Code   RO         5750    i.udp_connect       udp.o
    0x08015b38   0x08015b38   0x00000018   Code   RO         5752    i.udp_init          udp.o
    0x08015b50   0x08015b50   0x0000025c   Code   RO         5753    i.udp_input         udp.o
    0x08015dac   0x08015dac   0x00000148   Code   RO         5754    i.udp_input_local_match  udp.o
    0x08015ef4   0x08015ef4   0x00000030   Code   RO         5755    i.udp_netif_ip_addr_changed  udp.o
    0x08015f24   0x08015f24   0x0000001c   Code   RO         5756    i.udp_new           udp.o
    0x08015f40   0x08015f40   0x0000000e   Code   RO         5757    i.udp_new_ip_type   udp.o
    0x08015f4e   0x08015f4e   0x00000002   PAD
    0x08015f50   0x08015f50   0x00000058   Code   RO         5758    i.udp_new_port      udp.o
    0x08015fa8   0x08015fa8   0x000000ac   Code   RO         5759    i.udp_recv          udp.o
    0x08016054   0x08016054   0x000000e4   Code   RO         5760    i.udp_remove        udp.o
    0x08016138   0x08016138   0x000001a8   Code   RO         5763    i.udp_sendto_if     udp.o
    0x080162e0   0x080162e0   0x000002c4   Code   RO         5764    i.udp_sendto_if_src  udp.o
    0x080165a4   0x080165a4   0x00000028   Code   RO         8408    i.uxListRemove      list.o
    0x080165cc   0x080165cc   0x0000002e   Code   RO         7870    i.uxQueueMessagesWaiting  queue.o
    0x080165fa   0x080165fa   0x00000026   Code   RO         7871    i.uxQueueMessagesWaitingFromISR  queue.o
    0x08016620   0x08016620   0x0000009c   Code   RO         8095    i.uxTaskGetSystemState  tasks.o
    0x080166bc   0x080166bc   0x0000001a   Code   RO         8409    i.vListInitialise   list.o
    0x080166d6   0x080166d6   0x00000006   Code   RO         8410    i.vListInitialiseItem  list.o
    0x080166dc   0x080166dc   0x00000034   Code   RO         8411    i.vListInsert       list.o
    0x08016710   0x08016710   0x00000018   Code   RO         8412    i.vListInsertEnd    list.o
    0x08016728   0x08016728   0x0000005c   Code   RO         7323    i.vPortEnterCritical  port.o
    0x08016784   0x08016784   0x00000040   Code   RO         7324    i.vPortExitCritical  port.o
    0x080167c4   0x080167c4   0x0000009c   Code   RO         7402    i.vPortFree         heap_4.o
    0x08016860   0x08016860   0x00000028   Code   RO         7325    i.vPortSetupTimerInterrupt  port.o
    0x08016888   0x08016888   0x00000080   Code   RO         7326    i.vPortValidateInterruptPriority  port.o
    0x08016908   0x08016908   0x00000030   Code   RO         7874    i.vQueueDelete      queue.o
    0x08016938   0x08016938   0x00000030   Code   RO         7876    i.vQueueUnregisterQueue  queue.o
    0x08016968   0x08016968   0x00000060   Code   RO         8100    i.vTaskDelay        tasks.o
    0x080169c8   0x080169c8   0x000000f8   Code   RO         8101    i.vTaskDelete       tasks.o
    0x08016ac0   0x08016ac0   0x00000070   Code   RO         8103    i.vTaskGetInfo      tasks.o
    0x08016b30   0x08016b30   0x00000018   Code   RO         8104    i.vTaskInternalSetTimeOutState  tasks.o
    0x08016b48   0x08016b48   0x000000dc   Code   RO         8105    i.vTaskList         tasks.o
    0x08016c24   0x08016c24   0x0000000c   Code   RO         8106    i.vTaskMissedYield  tasks.o
    0x08016c30   0x08016c30   0x0000003c   Code   RO         8108    i.vTaskPlaceOnEventList  tasks.o
    0x08016c6c   0x08016c6c   0x000000fc   Code   RO         8110    i.vTaskPriorityDisinheritAfterTimeout  tasks.o
    0x08016d68   0x08016d68   0x00000090   Code   RO         8115    i.vTaskStartScheduler  tasks.o
    0x08016df8   0x08016df8   0x00000010   Code   RO         8116    i.vTaskSuspendAll   tasks.o
    0x08016e08   0x08016e08   0x00000090   Code   RO         8117    i.vTaskSwitchContext  tasks.o
    0x08016e98   0x08016e98   0x00000114   Code   RO         7327    i.xPortStartScheduler  port.o
    0x08016fac   0x08016fac   0x00000038   Code   RO         7328    i.xPortSysTickHandler  port.o
    0x08016fe4   0x08016fe4   0x00000064   Code   RO         7877    i.xQueueCreateCountingSemaphore  queue.o
    0x08017048   0x08017048   0x00000022   Code   RO         7878    i.xQueueCreateMutex  queue.o
    0x0801706a   0x0801706a   0x0000005e   Code   RO         7879    i.xQueueGenericCreate  queue.o
    0x080170c8   0x080170c8   0x0000009c   Code   RO         7880    i.xQueueGenericReset  queue.o
    0x08017164   0x08017164   0x000001b8   Code   RO         7881    i.xQueueGenericSend  queue.o
    0x0801731c   0x0801731c   0x00000108   Code   RO         7882    i.xQueueGenericSendFromISR  queue.o
    0x08017424   0x08017424   0x000000f0   Code   RO         7883    i.xQueueGiveFromISR  queue.o
    0x08017514   0x08017514   0x00000174   Code   RO         7889    i.xQueueReceive     queue.o
    0x08017688   0x08017688   0x000000d6   Code   RO         7890    i.xQueueReceiveFromISR  queue.o
    0x0801775e   0x0801775e   0x00000002   PAD
    0x08017760   0x08017760   0x000001c8   Code   RO         7891    i.xQueueSemaphoreTake  queue.o
    0x08017928   0x08017928   0x0000008c   Code   RO         8118    i.xTaskCheckForTimeOut  tasks.o
    0x080179b4   0x080179b4   0x00000060   Code   RO         8119    i.xTaskCreate       tasks.o
    0x08017a14   0x08017a14   0x00000020   Code   RO         8123    i.xTaskGetSchedulerState  tasks.o
    0x08017a34   0x08017a34   0x0000000c   Code   RO         8124    i.xTaskGetTickCount  tasks.o
    0x08017a40   0x08017a40   0x00000014   Code   RO         8125    i.xTaskGetTickCountFromISR  tasks.o
    0x08017a54   0x08017a54   0x0000014c   Code   RO         8126    i.xTaskIncrementTick  tasks.o
    0x08017ba0   0x08017ba0   0x000000d0   Code   RO         8129    i.xTaskPriorityDisinherit  tasks.o
    0x08017c70   0x08017c70   0x000000c8   Code   RO         8130    i.xTaskPriorityInherit  tasks.o
    0x08017d38   0x08017d38   0x0000009c   Code   RO         8131    i.xTaskRemoveFromEventList  tasks.o
    0x08017dd4   0x08017dd4   0x00000108   Code   RO         8132    i.xTaskResumeAll    tasks.o
    0x08017edc   0x08017edc   0x00000003   Data   RO          888    .constdata          api_msg.o
    0x08017edf   0x08017edf   0x00003cdc   Data   RO         1427    .constdata          stm32746g_discovery_lcd.o
    0x0801bbbb   0x0801bbbb   0x00000008   Data   RO         4311    .constdata          stm32f7xx_hal_dma.o
    0x0801bbc3   0x0801bbc3   0x00000001   PAD
    0x0801bbc4   0x0801bbc4   0x0000002c   Data   RO         5648    .constdata          timeouts.o
    0x0801bbf0   0x0801bbf0   0x000000d0   Data   RO         5961    .constdata          memp.o
    0x0801bcc0   0x0801bcc0   0x00000050   Data   RO         6680    .constdata          tcp.o
    0x0801bd10   0x0801bd10   0x00008ccc   Data   RO         7286    .constdata          fs.o
    0x080249dc   0x080249dc   0x0000000c   Data   RO         8467    .constdata          sys_arch.o
    0x080249e8   0x080249e8   0x0000000c   Data   RO         8600    .constdata          ethernet.o
    0x080249f4   0x080249f4   0x00000018   Data   RO         8638    .constdata          system_stm32f7xx.o
    0x08024a0c   0x08024a0c   0x00000008   Data   RO         8854    .constdata          ip4_addr.o
    0x08024a14   0x08024a14   0x00000028   Data   RO         9204    .constdata          main.o
    0x08024a3c   0x08024a3c   0x0000063c   Data   RO         9305    .constdata          httpserver-netconn.o
    0x08025078   0x08025078   0x00000014   Data   RO         9361    .constdata          ethernetif.o
    0x0802508c   0x0802508c   0x00000041   Data   RO          465    .conststring        api_lib.o
    0x080250cd   0x080250cd   0x00000003   PAD
    0x080250d0   0x080250d0   0x00000041   Data   RO          889    .conststring        api_msg.o
    0x08025111   0x08025111   0x00000003   PAD
    0x08025114   0x08025114   0x00000043   Data   RO         5649    .conststring        timeouts.o
    0x08025157   0x08025157   0x00000001   PAD
    0x08025158   0x08025158   0x00000041   Data   RO         6066    .conststring        init.o
    0x08025199   0x08025199   0x00000003   PAD
    0x0802519c   0x0802519c   0x0000009a   Data   RO         6513    .conststring        tcp_out.o
    0x08025236   0x08025236   0x00000002   PAD
    0x08025238   0x08025238   0x00000075   Data   RO         6681    .conststring        tcp.o
    0x080252ad   0x080252ad   0x00000003   PAD
    0x080252b0   0x080252b0   0x00000041   Data   RO         7079    .conststring        tcp_in.o
    0x080252f1   0x080252f1   0x00000003   PAD
    0x080252f4   0x080252f4   0x00000044   Data   RO         8601    .conststring        ethernet.o
    0x08025338   0x08025338   0x0000008a   Data   RO         8685    .conststring        etharp.o
    0x080253c2   0x080253c2   0x00000002   PAD
    0x080253c4   0x080253c4   0x00000044   Data   RO         8768    .conststring        icmp.o
    0x08025408   0x08025408   0x00000043   Data   RO         8809    .conststring        ip4.o
    0x0802544b   0x0802544b   0x00000001   PAD
    0x0802544c   0x0802544c   0x00000048   Data   RO         8915    .conststring        ip4_frag.o
    0x08025494   0x08025494   0x00000088   Data   RO         9018    .conststring        dhcp.o
    0x0802551c   0x0802551c   0x0000000e   Data   RO         9205    .conststring        main.o
    0x0802552a   0x0802552a   0x00000002   PAD
    0x0802552c   0x0802552c   0x00000006   Data   RO         9362    .conststring        ethernetif.o
    0x08025532   0x08025532   0x00000002   PAD
    0x08025534   0x08025534   0x00000020   Data   RO         9958    Region$$Table       anon$$obj.o


    Execution Region RW_IRAM1 (Exec base: 0x20000000, Load base: 0x08025554, Size: 0x0004f0a0, Max: 0x00050000, ABSOLUTE, COMPRESSED[0x0000004c])

    Exec Addr    Load Addr    Size         Type   Attr      Idx    E Section Name        Object

    0x20000000   COMPRESSED   0x00000014   Data   RW           14    .data               lcd_log.o
    0x20000014   COMPRESSED   0x00000010   Data   RW          706    .data               tcpip.o
    0x20000024   COMPRESSED   0x00000002   Data   RW         1299    .data               stm32746g_discovery_sdram.o
    0x20000026   COMPRESSED   0x00000002   PAD
    0x20000028   COMPRESSED   0x0000002c   Data   RW         1428    .data               stm32746g_discovery_lcd.o
    0x20000054   COMPRESSED   0x00000009   Data   RW         3512    .data               stm32f7xx_hal.o
    0x2000005d   COMPRESSED   0x00000003   PAD
    0x20000060   COMPRESSED   0x0000000c   Data   RW         5650    .data               timeouts.o
    0x2000006c   COMPRESSED   0x00000008   Data   RW         5765    .data               udp.o
    0x20000074   COMPRESSED   0x00000034   Data   RW         5962    .data               memp.o
    0x200000a8   COMPRESSED   0x00000009   Data   RW         6340    .data               netif.o
    0x200000b1   COMPRESSED   0x00000003   PAD
    0x200000b4   COMPRESSED   0x00000020   Data   RW         6682    .data               tcp.o
    0x200000d4   COMPRESSED   0x00000010   Data   RW         6946    .data               mem.o
    0x200000e4   COMPRESSED   0x00000028   Data   RW         7080    .data               tcp_in.o
    0x2000010c   COMPRESSED   0x0000000c   Data   RW         7329    .data               port.o
    0x20000118   COMPRESSED   0x00000018   Data   RW         7407    .data               heap_4.o
    0x20000130   COMPRESSED   0x0000003c   Data   RW         8134    .data               tasks.o
    0x2000016c   COMPRESSED   0x00000008   Data   RW         8468    .data               sys_arch.o
    0x20000174   COMPRESSED   0x00000004   Data   RW         8639    .data               system_stm32f7xx.o
    0x20000178   COMPRESSED   0x00000001   Data   RW         8686    .data               etharp.o
    0x20000179   COMPRESSED   0x00000001   PAD
    0x2000017a   COMPRESSED   0x00000002   Data   RW         8810    .data               ip4.o
    0x2000017c   COMPRESSED   0x00000006   Data   RW         8916    .data               ip4_frag.o
    0x20000182   COMPRESSED   0x00000002   PAD
    0x20000184   COMPRESSED   0x00000018   Data   RW         9019    .data               dhcp.o
    0x2000019c   COMPRESSED   0x00000004   Data   RW         9306    .data               httpserver-netconn.o
    0x200001a0   COMPRESSED   0x00000004   Data   RW         9363    .data               ethernetif.o
    0x200001a4   COMPRESSED   0x00000001   Data   RW         9483    .data               app_ethernet.o
    0x200001a5   COMPRESSED   0x00000003   PAD
    0x200001a8   COMPRESSED   0x00000004   Data   RW         9618    .data               mc_w.l(rand.o)
    0x200001ac   COMPRESSED   0x00000004   Data   RW         9921    .data               mc_w.l(stdout.o)
    0x200001b0        -       0x00003c54   Zero   RW           13    .bss                lcd_log.o
    0x20003e04        -       0x00000120   Zero   RW         1298    .bss                stm32746g_discovery_sdram.o
    0x20003f24        -       0x00000184   Zero   RW         1426    .bss                stm32746g_discovery_lcd.o
    0x200040a8        -       0x00000018   Zero   RW         5880    .bss                ip.o
    0x200040c0        -       0x00003cfb   Zero   RW         5960    .bss                memp.o
    0x20007dbb        -       0x00002813   Zero   RW         6945    .bss                mem.o
    0x2000a5ce   COMPRESSED   0x00000002   PAD
    0x2000a5d0        -       0x00000010   Zero   RW         7078    .bss                tcp_in.o
    0x2000a5e0        -       0x00005000   Zero   RW         7406    .bss                heap_4.o
    0x2000f5e0        -       0x00000040   Zero   RW         7893    .bss                queue.o
    0x2000f620        -       0x000000dc   Zero   RW         8133    .bss                tasks.o
    0x2000f6fc        -       0x000000f0   Zero   RW         8684    .bss                etharp.o
    0x2000f7ec        -       0x00000010   Zero   RW         8853    .bss                ip4_addr.o
    0x2000f7fc        -       0x00000020   Zero   RW         9017    .bss                dhcp.o
    0x2000f81c        -       0x00000038   Zero   RW         9203    .bss                main.o
    0x2000f854        -       0x00000048   Zero   RW         9360    .bss                ethernetif.o
    0x2000f89c        -       0x00000040   Zero   RW         9435    .bss                stm32f7xx_hal_timebase_tim.o
    0x2000f8dc   COMPRESSED   0x00000004   PAD
    0x2000f8e0        -       0x00000460   Zero   RW         8626    STACK               startup_stm32f746xx.o
    0x2000fd40   COMPRESSED   0x0003c2c0   PAD
    0x2004c000        -       0x00000080   Zero   RW         9356    .ARM.__AT_0x2004C000  ethernetif.o
    0x2004c080        -       0x00000080   Zero   RW         9357    .ARM.__AT_0x2004C080  ethernetif.o
    0x2004c100        -       0x000017d0   Zero   RW         9358    .ARM.__AT_0x2004C100  ethernetif.o
    0x2004d8d0        -       0x000017d0   Zero   RW         9359    .ARM.__AT_0x2004D8D0  ethernetif.o

